2020/02/16 18:02:54 [error] 18796#0: *3948 open() "/home/paul/kill_NCP_ci_fronted/killNCP/www/nconv2019/dist/install/www.159.226.29.gz" failed (2: No such file or directory), client: 159.226.17.34, server: 0.0.0.0, request: "GET /install/www.159.226.29.gz HTTP/1.1", host: "159.226.29.113"
2020/02/16 18:02:54 [error] 18796#0: *3948 open() "/home/paul/kill_NCP_ci_fronted/killNCP/www/nconv2019/dist/install/159.226.29.gz" failed (2: No such file or directory), client: 159.226.17.34, server: 0.0.0.0, request: "GET /install/159.226.29.gz HTTP/1.1", host: "159.226.29.113"
2020/02/16 18:02:54 [error] 18796#0: *3948 open() "/home/paul/kill_NCP_ci_fronted/killNCP/www/nconv2019/dist/install/www.159.226.29.113.gz" failed (2: No such file or directory), client: 159.226.17.34, server: 0.0.0.0, request: "GET /install/www.159.226.29.113.gz HTTP/1.1", host: "159.226.29.113"
2020/02/16 18:02:54 [error] 18796#0: *3946 open() "/home/paul/kill_NCP_ci_fronted/killNCP/www/nconv2019/dist/test.cgi" failed (2: No such file or directory), client: 159.226.17.34, server: 0.0.0.0, request: "GET /test.cgi HTTP/1.1", host: "159.226.29.113"
2020/02/16 18:02:54 [error] 18796#0: *3947 open() "/home/paul/kill_NCP_ci_fronted/killNCP/www/nconv2019/dist/show_bug.cgi" failed (2: No such file or directory), client: 159.226.17.34, server: 0.0.0.0, request: "GET /show_bug.cgi HTTP/1.1", host: "159.226.29.113"
2020/02/16 18:02:54 [error] 18796#0: *3948 open() "/home/paul/kill_NCP_ci_fronted/killNCP/www/nconv2019/dist/install/159.226.29.113.gz" failed (2: No such file or directory), client: 159.226.17.34, server: 0.0.0.0, request: "GET /install/159.226.29.113.gz HTTP/1.1", host: "159.226.29.113"
2020/02/16 18:02:54 [error] 18796#0: *3946 open() "/home/paul/kill_NCP_ci_fronted/killNCP/www/nconv2019/dist/test.cgi" failed (2: No such file or directory), client: 159.226.17.34, server: 0.0.0.0, request: "GET /test.cgi HTTP/1.1", host: "159.226.29.113"
2020/02/16 18:02:54 [error] 18796#0: *3947 open() "/home/paul/kill_NCP_ci_fronted/killNCP/www/nconv2019/dist/show_bug.cgi" failed (2: No such file or directory), client: 159.226.17.34, server: 0.0.0.0, request: "GET /show_bug.cgi HTTP/1.1", host: "159.226.29.113"
2020/02/16 18:02:54 [error] 18796#0: *3948 open() "/home/paul/kill_NCP_ci_fronted/killNCP/www/nconv2019/dist/install/www.159.226.29.tar.gz" failed (2: No such file or directory), client: 159.226.17.34, server: 0.0.0.0, request: "GET /install/www.159.226.29.tar.gz HTTP/1.1", host: "159.226.29.113"
2020/02/16 18:02:54 [error] 18796#0: *3946 open() "/home/paul/kill_NCP_ci_fronted/killNCP/www/nconv2019/dist/test.cgi" failed (2: No such file or directory), client: 159.226.17.34, server: 0.0.0.0, request: "GET /test.cgi HTTP/1.1", host: "159.226.29.113"
2020/02/16 18:02:54 [error] 18796#0: *3948 open() "/home/paul/kill_NCP_ci_fronted/killNCP/www/nconv2019/dist/install/159.226.29.tar.gz" failed (2: No such file or directory), client: 159.226.17.34, server: 0.0.0.0, request: "GET /install/159.226.29.tar.gz HTTP/1.1", host: "159.226.29.113"
2020/02/16 18:02:54 [error] 18796#0: *3947 open() "/home/paul/kill_NCP_ci_fronted/killNCP/www/nconv2019/dist/test" failed (2: No such file or directory), client: 159.226.17.34, server: 0.0.0.0, request: "GET /test HTTP/1.1", host: "159.226.29.113"
2020/02/16 18:02:54 [error] 18796#0: *3946 open() "/home/paul/kill_NCP_ci_fronted/killNCP/www/nconv2019/dist/ucsm/isSamInstalled.cgi" failed (2: No such file or directory), client: 159.226.17.34, server: 0.0.0.0, request: "GET /ucsm/isSamInstalled.cgi HTTP/1.1", host: "159.226.29.113"
2020/02/16 18:02:54 [error] 18796#0: *3948 open() "/home/paul/kill_NCP_ci_fronted/killNCP/www/nconv2019/dist/install/www.159.226.29.113.tar.gz" failed (2: No such file or directory), client: 159.226.17.34, server: 0.0.0.0, request: "GET /install/www.159.226.29.113.tar.gz HTTP/1.1", host: "159.226.29.113"
2020/02/16 18:02:54 [error] 18796#0: *3948 open() "/home/paul/kill_NCP_ci_fronted/killNCP/www/nconv2019/dist/install/159.226.29.113.tar.gz" failed (2: No such file or directory), client: 159.226.17.34, server: 0.0.0.0, request: "GET /install/159.226.29.113.tar.gz HTTP/1.1", host: "159.226.29.113"
2020/02/16 18:02:54 [error] 18796#0: *3947 open() "/home/paul/kill_NCP_ci_fronted/killNCP/www/nconv2019/dist/test" failed (2: No such file or directory), client: 159.226.17.34, server: 0.0.0.0, request: "GET /test HTTP/1.1", host: "159.226.29.113"
2020/02/16 18:02:54 [error] 18796#0: *3946 open() "/home/paul/kill_NCP_ci_fronted/killNCP/www/nconv2019/dist/ucsm/isSamInstalled.cgi" failed (2: No such file or directory), client: 159.226.17.34, server: 0.0.0.0, request: "GET /ucsm/isSamInstalled.cgi HTTP/1.1", host: "159.226.29.113"
2020/02/16 18:02:54 [error] 18796#0: *3947 open() "/home/paul/kill_NCP_ci_fronted/killNCP/www/nconv2019/dist/test" failed (2: No such file or directory), client: 159.226.17.34, server: 0.0.0.0, request: "GET /test HTTP/1.1", host: "159.226.29.113"
2020/02/16 18:02:54 [error] 18796#0: *3948 open() "/home/paul/kill_NCP_ci_fronted/killNCP/www/nconv2019/dist/install/www.159.226.29.tar" failed (2: No such file or directory), client: 159.226.17.34, server: 0.0.0.0, request: "GET /install/www.159.226.29.tar HTTP/1.1", host: "159.226.29.113"
2020/02/16 18:02:54 [error] 18796#0: *3948 open() "/home/paul/kill_NCP_ci_fronted/killNCP/www/nconv2019/dist/install/159.226.29.tar" failed (2: No such file or directory), client: 159.226.17.34, server: 0.0.0.0, request: "GET /install/159.226.29.tar HTTP/1.1", host: "159.226.29.113"
2020/02/16 18:02:54 [error] 18796#0: *3946 open() "/home/paul/kill_NCP_ci_fronted/killNCP/www/nconv2019/dist/ucsm/isSamInstalled.cgi" failed (2: No such file or directory), client: 159.226.17.34, server: 0.0.0.0, request: "GET /ucsm/isSamInstalled.cgi HTTP/1.1", host: "159.226.29.113"
2020/02/16 18:02:54 [error] 18796#0: *3947 open() "/home/paul/kill_NCP_ci_fronted/killNCP/www/nconv2019/dist/test.cgi" failed (2: No such file or directory), client: 159.226.17.34, server: 0.0.0.0, request: "GET /test.cgi HTTP/1.1", host: "159.226.29.113"
2020/02/16 18:02:54 [error] 18796#0: *3947 open() "/home/paul/kill_NCP_ci_fronted/killNCP/www/nconv2019/dist/test.cgi" failed (2: No such file or directory), client: 159.226.17.34, server: 0.0.0.0, request: "GET /test.cgi HTTP/1.1", host: "159.226.29.113"
2020/02/16 18:02:54 [error] 18796#0: *3946 open() "/home/paul/kill_NCP_ci_fronted/killNCP/www/nconv2019/dist/whois.cgi" failed (2: No such file or directory), client: 159.226.17.34, server: 0.0.0.0, request: "GET /whois.cgi HTTP/1.1", host: "159.226.29.113"
2020/02/16 18:02:54 [error] 18796#0: *3948 open() "/home/paul/kill_NCP_ci_fronted/killNCP/www/nconv2019/dist/install/www.159.226.29.113.tar" failed (2: No such file or directory), client: 159.226.17.34, server: 0.0.0.0, request: "GET /install/www.159.226.29.113.tar HTTP/1.1", host: "159.226.29.113"
2020/02/16 18:02:54 [error] 18796#0: *3947 open() "/home/paul/kill_NCP_ci_fronted/killNCP/www/nconv2019/dist/test.cgi" failed (2: No such file or directory), client: 159.226.17.34, server: 0.0.0.0, request: "GET /test.cgi HTTP/1.1", host: "159.226.29.113"
2020/02/16 18:02:54 [error] 18796#0: *3948 open() "/home/paul/kill_NCP_ci_fronted/killNCP/www/nconv2019/dist/install/159.226.29.113.tar" failed (2: No such file or directory), client: 159.226.17.34, server: 0.0.0.0, request: "GET /install/159.226.29.113.tar HTTP/1.1", host: "159.226.29.113"
2020/02/16 18:02:54 [error] 18796#0: *3946 open() "/home/paul/kill_NCP_ci_fronted/killNCP/www/nconv2019/dist/whois.cgi" failed (2: No such file or directory), client: 159.226.17.34, server: 0.0.0.0, request: "GET /whois.cgi HTTP/1.1", host: "159.226.29.113"
2020/02/16 18:02:54 [error] 18796#0: *3947 open() "/home/paul/kill_NCP_ci_fronted/killNCP/www/nconv2019/dist/ucsm/isSamInstalled.cgi" failed (2: No such file or directory), client: 159.226.17.34, server: 0.0.0.0, request: "GET /ucsm/isSamInstalled.cgi HTTP/1.1", host: "159.226.29.113"
2020/02/16 18:02:54 [error] 18796#0: *3946 open() "/home/paul/kill_NCP_ci_fronted/killNCP/www/nconv2019/dist/whois.cgi" failed (2: No such file or directory), client: 159.226.17.34, server: 0.0.0.0, request: "GET /whois.cgi HTTP/1.1", host: "159.226.29.113"
2020/02/16 18:02:54 [error] 18796#0: *3948 open() "/home/paul/kill_NCP_ci_fronted/killNCP/www/nconv2019/dist/www.159.226.29.z" failed (2: No such file or directory), client: 159.226.17.34, server: 0.0.0.0, request: "GET /www.159.226.29.z HTTP/1.1", host: "159.226.29.113"
2020/02/16 18:02:55 [error] 18796#0: *3948 open() "/home/paul/kill_NCP_ci_fronted/killNCP/www/nconv2019/dist/159.226.29.z" failed (2: No such file or directory), client: 159.226.17.34, server: 0.0.0.0, request: "GET /159.226.29.z HTTP/1.1", host: "159.226.29.113"
2020/02/16 18:02:55 [error] 18796#0: *3947 open() "/home/paul/kill_NCP_ci_fronted/killNCP/www/nconv2019/dist/ucsm/isSamInstalled.cgi" failed (2: No such file or directory), client: 159.226.17.34, server: 0.0.0.0, request: "GET /ucsm/isSamInstalled.cgi HTTP/1.1", host: "159.226.29.113"
2020/02/16 18:02:55 [error] 18796#0: *3947 open() "/home/paul/kill_NCP_ci_fronted/killNCP/www/nconv2019/dist/ucsm/isSamInstalled.cgi" failed (2: No such file or directory), client: 159.226.17.34, server: 0.0.0.0, request: "GET /ucsm/isSamInstalled.cgi HTTP/1.1", host: "159.226.29.113"
2020/02/16 18:02:55 [error] 18796#0: *3946 open() "/home/paul/kill_NCP_ci_fronted/killNCP/www/nconv2019/dist/wp-login.php" failed (2: No such file or directory), client: 159.226.17.34, server: 0.0.0.0, request: "GET /wp-login.php HTTP/1.1", host: "159.226.29.113"
2020/02/16 18:02:55 [error] 18796#0: *3948 open() "/home/paul/kill_NCP_ci_fronted/killNCP/www/nconv2019/dist/www.159.226.29.113.z" failed (2: No such file or directory), client: 159.226.17.34, server: 0.0.0.0, request: "GET /www.159.226.29.113.z HTTP/1.1", host: "159.226.29.113"
2020/02/16 18:02:55 [error] 18796#0: *3946 open() "/home/paul/kill_NCP_ci_fronted/killNCP/www/nconv2019/dist/wp-login.php" failed (2: No such file or directory), client: 159.226.17.34, server: 0.0.0.0, request: "GET /wp-login.php HTTP/1.1", host: "159.226.29.113"
2020/02/16 18:02:55 [error] 18796#0: *3947 open() "/home/paul/kill_NCP_ci_fronted/killNCP/www/nconv2019/dist/whois.cgi" failed (2: No such file or directory), client: 159.226.17.34, server: 0.0.0.0, request: "GET /whois.cgi HTTP/1.1", host: "159.226.29.113"
2020/02/16 18:02:55 [error] 18796#0: *3946 open() "/home/paul/kill_NCP_ci_fronted/killNCP/www/nconv2019/dist/wp-login.php" failed (2: No such file or directory), client: 159.226.17.34, server: 0.0.0.0, request: "GET /wp-login.php HTTP/1.1", host: "159.226.29.113"
2020/02/16 18:02:55 [error] 18796#0: *3948 open() "/home/paul/kill_NCP_ci_fronted/killNCP/www/nconv2019/dist/159.226.29.113.z" failed (2: No such file or directory), client: 159.226.17.34, server: 0.0.0.0, request: "GET /159.226.29.113.z HTTP/1.1", host: "159.226.29.113"
2020/02/16 18:02:55 [error] 18796#0: *3947 open() "/home/paul/kill_NCP_ci_fronted/killNCP/www/nconv2019/dist/whois.cgi" failed (2: No such file or directory), client: 159.226.17.34, server: 0.0.0.0, request: "GET /whois.cgi HTTP/1.1", host: "159.226.29.113"
2020/02/16 18:02:55 [error] 18796#0: *3946 open() "/home/paul/kill_NCP_ci_fronted/killNCP/www/nconv2019/dist/wwwadmin.cgi" failed (2: No such file or directory), client: 159.226.17.34, server: 0.0.0.0, request: "GET /wwwadmin.cgi HTTP/1.1", host: "159.226.29.113"
2020/02/16 18:02:55 [error] 18796#0: *3948 open() "/home/paul/kill_NCP_ci_fronted/killNCP/www/nconv2019/dist/www.159.226.29.Z" failed (2: No such file or directory), client: 159.226.17.34, server: 0.0.0.0, request: "GET /www.159.226.29.Z HTTP/1.1", host: "159.226.29.113"
2020/02/16 18:02:55 [error] 18796#0: *3947 open() "/home/paul/kill_NCP_ci_fronted/killNCP/www/nconv2019/dist/whois.cgi" failed (2: No such file or directory), client: 159.226.17.34, server: 0.0.0.0, request: "GET /whois.cgi HTTP/1.1", host: "159.226.29.113"
2020/02/16 18:02:55 [error] 18796#0: *3948 open() "/home/paul/kill_NCP_ci_fronted/killNCP/www/nconv2019/dist/159.226.29.Z" failed (2: No such file or directory), client: 159.226.17.34, server: 0.0.0.0, request: "GET /159.226.29.Z HTTP/1.1", host: "159.226.29.113"
2020/02/16 18:02:55 [error] 18796#0: *3946 open() "/home/paul/kill_NCP_ci_fronted/killNCP/www/nconv2019/dist/wwwadmin.cgi" failed (2: No such file or directory), client: 159.226.17.34, server: 0.0.0.0, request: "GET /wwwadmin.cgi HTTP/1.1", host: "159.226.29.113"
2020/02/16 18:02:55 [error] 18796#0: *3947 open() "/home/paul/kill_NCP_ci_fronted/killNCP/www/nconv2019/dist/wp-login.php" failed (2: No such file or directory), client: 159.226.17.34, server: 0.0.0.0, request: "GET /wp-login.php HTTP/1.1", host: "159.226.29.113"
2020/02/16 18:02:55 [error] 18796#0: *3946 open() "/home/paul/kill_NCP_ci_fronted/killNCP/www/nconv2019/dist/wwwadmin.cgi" failed (2: No such file or directory), client: 159.226.17.34, server: 0.0.0.0, request: "GET /wwwadmin.cgi HTTP/1.1", host: "159.226.29.113"
2020/02/16 18:02:55 [error] 18796#0: *3948 open() "/home/paul/kill_NCP_ci_fronted/killNCP/www/nconv2019/dist/www.159.226.29.113.Z" failed (2: No such file or directory), client: 159.226.17.34, server: 0.0.0.0, request: "GET /www.159.226.29.113.Z HTTP/1.1", host: "159.226.29.113"
2020/02/16 18:02:55 [error] 18796#0: *3947 open() "/home/paul/kill_NCP_ci_fronted/killNCP/www/nconv2019/dist/wp-login.php" failed (2: No such file or directory), client: 159.226.17.34, server: 0.0.0.0, request: "GET /wp-login.php HTTP/1.1", host: "159.226.29.113"
2020/02/16 18:02:55 [error] 18796#0: *3948 open() "/home/paul/kill_NCP_ci_fronted/killNCP/www/nconv2019/dist/159.226.29.113.Z" failed (2: No such file or directory), client: 159.226.17.34, server: 0.0.0.0, request: "GET /159.226.29.113.Z HTTP/1.1", host: "159.226.29.113"
2020/02/16 18:02:55 [error] 18796#0: *3948 open() "/home/paul/kill_NCP_ci_fronted/killNCP/www/nconv2019/dist/www.159.226.29.7z" failed (2: No such file or directory), client: 159.226.17.34, server: 0.0.0.0, request: "GET /www.159.226.29.7z HTTP/1.1", host: "159.226.29.113"
2020/02/16 18:02:55 [error] 18796#0: *3946 open() "/home/paul/kill_NCP_ci_fronted/killNCP/www/nconv2019/dist/wwwboard.cgi" failed (2: No such file or directory), client: 159.226.17.34, server: 0.0.0.0, request: "GET /wwwboard.cgi HTTP/1.1", host: "159.226.29.113"
2020/02/16 18:02:55 [error] 18796#0: *3947 open() "/home/paul/kill_NCP_ci_fronted/killNCP/www/nconv2019/dist/wp-login.php" failed (2: No such file or directory), client: 159.226.17.34, server: 0.0.0.0, request: "GET /wp-login.php HTTP/1.1", host: "159.226.29.113"
2020/02/16 18:02:55 [error] 18796#0: *3946 open() "/home/paul/kill_NCP_ci_fronted/killNCP/www/nconv2019/dist/wwwboard.cgi" failed (2: No such file or directory), client: 159.226.17.34, server: 0.0.0.0, request: "GET /wwwboard.cgi HTTP/1.1", host: "159.226.29.113"
2020/02/16 18:02:55 [error] 18796#0: *3947 open() "/home/paul/kill_NCP_ci_fronted/killNCP/www/nconv2019/dist/wwwadmin.cgi" failed (2: No such file or directory), client: 159.226.17.34, server: 0.0.0.0, request: "GET /wwwadmin.cgi HTTP/1.1", host: "159.226.29.113"
2020/02/16 18:02:55 [error] 18796#0: *3946 open() "/home/paul/kill_NCP_ci_fronted/killNCP/www/nconv2019/dist/wwwboard.cgi" failed (2: No such file or directory), client: 159.226.17.34, server: 0.0.0.0, request: "GET /wwwboard.cgi HTTP/1.1", host: "159.226.29.113"
2020/02/16 18:02:55 [error] 18796#0: *3948 open() "/home/paul/kill_NCP_ci_fronted/killNCP/www/nconv2019/dist/159.226.29.7z" failed (2: No such file or directory), client: 159.226.17.34, server: 0.0.0.0, request: "GET /159.226.29.7z HTTP/1.1", host: "159.226.29.113"
2020/02/16 18:02:55 [error] 18796#0: *3946 open() "/home/paul/kill_NCP_ci_fronted/killNCP/www/nconv2019/dist/xampp/cgi.cgi" failed (2: No such file or directory), client: 159.226.17.34, server: 0.0.0.0, request: "GET /xampp/cgi.cgi HTTP/1.1", host: "159.226.29.113"
2020/02/16 18:02:55 [error] 18796#0: *3947 open() "/home/paul/kill_NCP_ci_fronted/killNCP/www/nconv2019/dist/wwwadmin.cgi" failed (2: No such file or directory), client: 159.226.17.34, server: 0.0.0.0, request: "GET /wwwadmin.cgi HTTP/1.1", host: "159.226.29.113"
2020/02/16 18:02:55 [error] 18796#0: *3948 open() "/home/paul/kill_NCP_ci_fronted/killNCP/www/nconv2019/dist/www.159.226.29.113.7z" failed (2: No such file or directory), client: 159.226.17.34, server: 0.0.0.0, request: "GET /www.159.226.29.113.7z HTTP/1.1", host: "159.226.29.113"
2020/02/16 18:02:55 [error] 18796#0: *3946 open() "/home/paul/kill_NCP_ci_fronted/killNCP/www/nconv2019/dist/xampp/cgi.cgi" failed (2: No such file or directory), client: 159.226.17.34, server: 0.0.0.0, request: "GET /xampp/cgi.cgi HTTP/1.1", host: "159.226.29.113"
2020/02/16 18:02:55 [error] 18796#0: *3947 open() "/home/paul/kill_NCP_ci_fronted/killNCP/www/nconv2019/dist/wwwadmin.cgi" failed (2: No such file or directory), client: 159.226.17.34, server: 0.0.0.0, request: "GET /wwwadmin.cgi HTTP/1.1", host: "159.226.29.113"
2020/02/16 18:02:55 [error] 18796#0: *3946 open() "/home/paul/kill_NCP_ci_fronted/killNCP/www/nconv2019/dist/xampp/cgi.cgi" failed (2: No such file or directory), client: 159.226.17.34, server: 0.0.0.0, request: "GET /xampp/cgi.cgi HTTP/1.1", host: "159.226.29.113"
2020/02/16 18:02:55 [error] 18796#0: *3948 open() "/home/paul/kill_NCP_ci_fronted/killNCP/www/nconv2019/dist/159.226.29.113.7z" failed (2: No such file or directory), client: 159.226.17.34, server: 0.0.0.0, request: "GET /159.226.29.113.7z HTTP/1.1", host: "159.226.29.113"
2020/02/16 18:02:55 [error] 18796#0: *3947 open() "/home/paul/kill_NCP_ci_fronted/killNCP/www/nconv2019/dist/wwwboard.cgi" failed (2: No such file or directory), client: 159.226.17.34, server: 0.0.0.0, request: "GET /wwwboard.cgi HTTP/1.1", host: "159.226.29.113"
2020/02/16 18:02:55 [error] 18796#0: *3948 open() "/home/paul/kill_NCP_ci_fronted/killNCP/www/nconv2019/dist/www.159.226.29.rar" failed (2: No such file or directory), client: 159.226.17.34, server: 0.0.0.0, request: "GET /www.159.226.29.rar HTTP/1.1", host: "159.226.29.113"
2020/02/16 18:02:55 [error] 18796#0: *3947 open() "/home/paul/kill_NCP_ci_fronted/killNCP/www/nconv2019/dist/wwwboard.cgi" failed (2: No such file or directory), client: 159.226.17.34, server: 0.0.0.0, request: "GET /wwwboard.cgi HTTP/1.1", host: "159.226.29.113"
2020/02/16 18:02:55 [error] 18796#0: *3948 open() "/home/paul/kill_NCP_ci_fronted/killNCP/www/nconv2019/dist/159.226.29.rar" failed (2: No such file or directory), client: 159.226.17.34, server: 0.0.0.0, request: "GET /159.226.29.rar HTTP/1.1", host: "159.226.29.113"
2020/02/16 18:02:55 [error] 18796#0: *3947 open() "/home/paul/kill_NCP_ci_fronted/killNCP/www/nconv2019/dist/wwwboard.cgi" failed (2: No such file or directory), client: 159.226.17.34, server: 0.0.0.0, request: "GET /wwwboard.cgi HTTP/1.1", host: "159.226.29.113"
2020/02/16 18:02:55 [error] 18796#0: *3948 open() "/home/paul/kill_NCP_ci_fronted/killNCP/www/nconv2019/dist/www.159.226.29.113.rar" failed (2: No such file or directory), client: 159.226.17.34, server: 0.0.0.0, request: "GET /www.159.226.29.113.rar HTTP/1.1", host: "159.226.29.113"
2020/02/16 18:02:55 [error] 18796#0: *3947 open() "/home/paul/kill_NCP_ci_fronted/killNCP/www/nconv2019/dist/xampp/cgi.cgi" failed (2: No such file or directory), client: 159.226.17.34, server: 0.0.0.0, request: "GET /xampp/cgi.cgi HTTP/1.1", host: "159.226.29.113"
2020/02/16 18:02:55 [error] 18796#0: *3948 open() "/home/paul/kill_NCP_ci_fronted/killNCP/www/nconv2019/dist/159.226.29.113.rar" failed (2: No such file or directory), client: 159.226.17.34, server: 0.0.0.0, request: "GET /159.226.29.113.rar HTTP/1.1", host: "159.226.29.113"
2020/02/16 18:02:55 [error] 18796#0: *3947 open() "/home/paul/kill_NCP_ci_fronted/killNCP/www/nconv2019/dist/xampp/cgi.cgi" failed (2: No such file or directory), client: 159.226.17.34, server: 0.0.0.0, request: "GET /xampp/cgi.cgi HTTP/1.1", host: "159.226.29.113"
2020/02/16 18:02:55 [error] 18796#0: *3948 open() "/home/paul/kill_NCP_ci_fronted/killNCP/www/nconv2019/dist/www.159.226.29.war" failed (2: No such file or directory), client: 159.226.17.34, server: 0.0.0.0, request: "GET /www.159.226.29.war HTTP/1.1", host: "159.226.29.113"
2020/02/16 18:02:55 [error] 18796#0: *3947 open() "/home/paul/kill_NCP_ci_fronted/killNCP/www/nconv2019/dist/xampp/cgi.cgi" failed (2: No such file or directory), client: 159.226.17.34, server: 0.0.0.0, request: "GET /xampp/cgi.cgi HTTP/1.1", host: "159.226.29.113"
2020/02/16 18:02:55 [error] 18796#0: *3948 open() "/home/paul/kill_NCP_ci_fronted/killNCP/www/nconv2019/dist/159.226.29.war" failed (2: No such file or directory), client: 159.226.17.34, server: 0.0.0.0, request: "GET /159.226.29.war HTTP/1.1", host: "159.226.29.113"
2020/02/16 18:02:55 [error] 18796#0: *3948 open() "/home/paul/kill_NCP_ci_fronted/killNCP/www/nconv2019/dist/www.159.226.29.113.war" failed (2: No such file or directory), client: 159.226.17.34, server: 0.0.0.0, request: "GET /www.159.226.29.113.war HTTP/1.1", host: "159.226.29.113"
2020/02/16 18:02:55 [error] 18796#0: *3948 open() "/home/paul/kill_NCP_ci_fronted/killNCP/www/nconv2019/dist/159.226.29.113.war" failed (2: No such file or directory), client: 159.226.17.34, server: 0.0.0.0, request: "GET /159.226.29.113.war HTTP/1.1", host: "159.226.29.113"
2020/02/16 18:02:55 [error] 18796#0: *3948 open() "/home/paul/kill_NCP_ci_fronted/killNCP/www/nconv2019/dist/www.159.226.29.jar" failed (2: No such file or directory), client: 159.226.17.34, server: 0.0.0.0, request: "GET /www.159.226.29.jar HTTP/1.1", host: "159.226.29.113"
2020/02/16 18:02:55 [error] 18796#0: *3948 open() "/home/paul/kill_NCP_ci_fronted/killNCP/www/nconv2019/dist/159.226.29.jar" failed (2: No such file or directory), client: 159.226.17.34, server: 0.0.0.0, request: "GET /159.226.29.jar HTTP/1.1", host: "159.226.29.113"
2020/02/16 18:02:55 [error] 18796#0: *3948 open() "/home/paul/kill_NCP_ci_fronted/killNCP/www/nconv2019/dist/www.159.226.29.113.jar" failed (2: No such file or directory), client: 159.226.17.34, server: 0.0.0.0, request: "GET /www.159.226.29.113.jar HTTP/1.1", host: "159.226.29.113"
2020/02/16 18:02:55 [error] 18796#0: *3948 open() "/home/paul/kill_NCP_ci_fronted/killNCP/www/nconv2019/dist/159.226.29.113.jar" failed (2: No such file or directory), client: 159.226.17.34, server: 0.0.0.0, request: "GET /159.226.29.113.jar HTTP/1.1", host: "159.226.29.113"
2020/02/16 18:02:55 [error] 18796#0: *3948 open() "/home/paul/kill_NCP_ci_fronted/killNCP/www/nconv2019/dist/www.159.226.29.zip" failed (2: No such file or directory), client: 159.226.17.34, server: 0.0.0.0, request: "GET /www.159.226.29.zip HTTP/1.1", host: "159.226.29.113"
2020/02/16 18:02:55 [error] 18796#0: *3948 open() "/home/paul/kill_NCP_ci_fronted/killNCP/www/nconv2019/dist/159.226.29.zip" failed (2: No such file or directory), client: 159.226.17.34, server: 0.0.0.0, request: "GET /159.226.29.zip HTTP/1.1", host: "159.226.29.113"
2020/02/16 18:02:56 [error] 18796#0: *3948 open() "/home/paul/kill_NCP_ci_fronted/killNCP/www/nconv2019/dist/www.159.226.29.113.zip" failed (2: No such file or directory), client: 159.226.17.34, server: 0.0.0.0, request: "GET /www.159.226.29.113.zip HTTP/1.1", host: "159.226.29.113"
2020/02/16 18:02:56 [error] 18796#0: *3948 open() "/home/paul/kill_NCP_ci_fronted/killNCP/www/nconv2019/dist/159.226.29.113.zip" failed (2: No such file or directory), client: 159.226.17.34, server: 0.0.0.0, request: "GET /159.226.29.113.zip HTTP/1.1", host: "159.226.29.113"
2020/02/16 18:02:56 [error] 18796#0: *3948 open() "/home/paul/kill_NCP_ci_fronted/killNCP/www/nconv2019/dist/www.159.226.29.bz2" failed (2: No such file or directory), client: 159.226.17.34, server: 0.0.0.0, request: "GET /www.159.226.29.bz2 HTTP/1.1", host: "159.226.29.113"
2020/02/16 18:02:56 [error] 18796#0: *3948 open() "/home/paul/kill_NCP_ci_fronted/killNCP/www/nconv2019/dist/159.226.29.bz2" failed (2: No such file or directory), client: 159.226.17.34, server: 0.0.0.0, request: "GET /159.226.29.bz2 HTTP/1.1", host: "159.226.29.113"
2020/02/16 18:02:56 [error] 18796#0: *3948 open() "/home/paul/kill_NCP_ci_fronted/killNCP/www/nconv2019/dist/www.159.226.29.113.bz2" failed (2: No such file or directory), client: 159.226.17.34, server: 0.0.0.0, request: "GET /www.159.226.29.113.bz2 HTTP/1.1", host: "159.226.29.113"
2020/02/16 18:02:56 [error] 18796#0: *3948 open() "/home/paul/kill_NCP_ci_fronted/killNCP/www/nconv2019/dist/159.226.29.113.bz2" failed (2: No such file or directory), client: 159.226.17.34, server: 0.0.0.0, request: "GET /159.226.29.113.bz2 HTTP/1.1", host: "159.226.29.113"
2020/02/16 18:02:56 [error] 18796#0: *3948 open() "/home/paul/kill_NCP_ci_fronted/killNCP/www/nconv2019/dist/www.159.226.29.tar.bz2" failed (2: No such file or directory), client: 159.226.17.34, server: 0.0.0.0, request: "GET /www.159.226.29.tar.bz2 HTTP/1.1", host: "159.226.29.113"
2020/02/16 18:02:56 [error] 18796#0: *3948 open() "/home/paul/kill_NCP_ci_fronted/killNCP/www/nconv2019/dist/159.226.29.tar.bz2" failed (2: No such file or directory), client: 159.226.17.34, server: 0.0.0.0, request: "GET /159.226.29.tar.bz2 HTTP/1.1", host: "159.226.29.113"
2020/02/16 18:02:56 [error] 18796#0: *3948 open() "/home/paul/kill_NCP_ci_fronted/killNCP/www/nconv2019/dist/www.159.226.29.113.tar.bz2" failed (2: No such file or directory), client: 159.226.17.34, server: 0.0.0.0, request: "GET /www.159.226.29.113.tar.bz2 HTTP/1.1", host: "159.226.29.113"
2020/02/16 18:02:56 [error] 18796#0: *3948 open() "/home/paul/kill_NCP_ci_fronted/killNCP/www/nconv2019/dist/159.226.29.113.tar.bz2" failed (2: No such file or directory), client: 159.226.17.34, server: 0.0.0.0, request: "GET /159.226.29.113.tar.bz2 HTTP/1.1", host: "159.226.29.113"
2020/02/16 18:02:56 [error] 18796#0: *3948 open() "/home/paul/kill_NCP_ci_fronted/killNCP/www/nconv2019/dist/www.159.226.29.tgz" failed (2: No such file or directory), client: 159.226.17.34, server: 0.0.0.0, request: "GET /www.159.226.29.tgz HTTP/1.1", host: "159.226.29.113"
2020/02/16 18:02:56 [error] 18796#0: *3948 open() "/home/paul/kill_NCP_ci_fronted/killNCP/www/nconv2019/dist/159.226.29.tgz" failed (2: No such file or directory), client: 159.226.17.34, server: 0.0.0.0, request: "GET /159.226.29.tgz HTTP/1.1", host: "159.226.29.113"
2020/02/16 18:02:56 [error] 18796#0: *3948 open() "/home/paul/kill_NCP_ci_fronted/killNCP/www/nconv2019/dist/www.159.226.29.113.tgz" failed (2: No such file or directory), client: 159.226.17.34, server: 0.0.0.0, request: "GET /www.159.226.29.113.tgz HTTP/1.1", host: "159.226.29.113"
2020/02/16 18:02:56 [error] 18796#0: *3948 open() "/home/paul/kill_NCP_ci_fronted/killNCP/www/nconv2019/dist/159.226.29.113.tgz" failed (2: No such file or directory), client: 159.226.17.34, server: 0.0.0.0, request: "GET /159.226.29.113.tgz HTTP/1.1", host: "159.226.29.113"
2020/02/16 18:02:56 [error] 18796#0: *3948 open() "/home/paul/kill_NCP_ci_fronted/killNCP/www/nconv2019/dist/www.159.226.29.gz" failed (2: No such file or directory), client: 159.226.17.34, server: 0.0.0.0, request: "GET /www.159.226.29.gz HTTP/1.1", host: "159.226.29.113"
2020/02/16 18:02:56 [error] 18796#0: *3948 open() "/home/paul/kill_NCP_ci_fronted/killNCP/www/nconv2019/dist/159.226.29.gz" failed (2: No such file or directory), client: 159.226.17.34, server: 0.0.0.0, request: "GET /159.226.29.gz HTTP/1.1", host: "159.226.29.113"
2020/02/16 18:02:56 [error] 18796#0: *3948 open() "/home/paul/kill_NCP_ci_fronted/killNCP/www/nconv2019/dist/www.159.226.29.113.gz" failed (2: No such file or directory), client: 159.226.17.34, server: 0.0.0.0, request: "GET /www.159.226.29.113.gz HTTP/1.1", host: "159.226.29.113"
2020/02/16 18:02:56 [error] 18796#0: *3948 open() "/home/paul/kill_NCP_ci_fronted/killNCP/www/nconv2019/dist/159.226.29.113.gz" failed (2: No such file or directory), client: 159.226.17.34, server: 0.0.0.0, request: "GET /159.226.29.113.gz HTTP/1.1", host: "159.226.29.113"
2020/02/16 18:02:56 [error] 18796#0: *3953 open() "/home/paul/kill_NCP_ci_fronted/killNCP/www/nconv2019/dist/www.159.226.29.tar.gz" failed (2: No such file or directory), client: 159.226.17.34, server: 0.0.0.0, request: "GET /www.159.226.29.tar.gz HTTP/1.1", host: "159.226.29.113"
2020/02/16 18:02:56 [error] 18796#0: *3953 open() "/home/paul/kill_NCP_ci_fronted/killNCP/www/nconv2019/dist/159.226.29.tar.gz" failed (2: No such file or directory), client: 159.226.17.34, server: 0.0.0.0, request: "GET /159.226.29.tar.gz HTTP/1.1", host: "159.226.29.113"
2020/02/16 18:02:56 [error] 18796#0: *3953 open() "/home/paul/kill_NCP_ci_fronted/killNCP/www/nconv2019/dist/www.159.226.29.113.tar.gz" failed (2: No such file or directory), client: 159.226.17.34, server: 0.0.0.0, request: "GET /www.159.226.29.113.tar.gz HTTP/1.1", host: "159.226.29.113"
2020/02/16 18:02:56 [error] 18796#0: *3953 open() "/home/paul/kill_NCP_ci_fronted/killNCP/www/nconv2019/dist/159.226.29.113.tar.gz" failed (2: No such file or directory), client: 159.226.17.34, server: 0.0.0.0, request: "GET /159.226.29.113.tar.gz HTTP/1.1", host: "159.226.29.113"
2020/02/16 18:02:56 [error] 18796#0: *3953 open() "/home/paul/kill_NCP_ci_fronted/killNCP/www/nconv2019/dist/www.159.226.29.tar" failed (2: No such file or directory), client: 159.226.17.34, server: 0.0.0.0, request: "GET /www.159.226.29.tar HTTP/1.1", host: "159.226.29.113"
2020/02/16 18:02:56 [error] 18796#0: *3953 open() "/home/paul/kill_NCP_ci_fronted/killNCP/www/nconv2019/dist/159.226.29.tar" failed (2: No such file or directory), client: 159.226.17.34, server: 0.0.0.0, request: "GET /159.226.29.tar HTTP/1.1", host: "159.226.29.113"
2020/02/16 18:02:56 [error] 18796#0: *3953 open() "/home/paul/kill_NCP_ci_fronted/killNCP/www/nconv2019/dist/www.159.226.29.113.tar" failed (2: No such file or directory), client: 159.226.17.34, server: 0.0.0.0, request: "GET /www.159.226.29.113.tar HTTP/1.1", host: "159.226.29.113"
2020/02/16 18:02:56 [error] 18796#0: *3953 open() "/home/paul/kill_NCP_ci_fronted/killNCP/www/nconv2019/dist/159.226.29.113.tar" failed (2: No such file or directory), client: 159.226.17.34, server: 0.0.0.0, request: "GET /159.226.29.113.tar HTTP/1.1", host: "159.226.29.113"
2020/02/16 19:31:36 [error] 18796#0: *3973 open() "/home/paul/kill_NCP_ci_fronted/killNCP/www/nconv2019/dist/examples/servlets/servlet/SessionExample" failed (2: No such file or directory), client: 159.226.17.37, server: 0.0.0.0, request: "POST /examples/servlets/servlet/SessionExample HTTP/1.1", host: "159.226.29.113:80", referrer: "http://159.226.29.113:80/"
2020/02/16 19:31:36 [error] 18796#0: *3974 open() "/home/paul/kill_NCP_ci_fronted/killNCP/www/nconv2019/dist/plus/recommend.php" failed (2: No such file or directory), client: 159.226.17.37, server: 0.0.0.0, request: "POST /plus/recommend.php HTTP/1.1", host: "159.226.29.113:80", referrer: "http://159.226.29.113:80/"
2020/02/16 19:31:36 [error] 18796#0: *3976 open() "/home/paul/kill_NCP_ci_fronted/killNCP/www/nconv2019/dist/config-browser/actionNames.action" failed (2: No such file or directory), client: 159.226.17.37, server: 0.0.0.0, request: "POST /config-browser/actionNames.action HTTP/1.1", host: "159.226.29.113:80", referrer: "http://159.226.29.113:80/"
2020/02/16 19:31:36 [error] 18796#0: *3977 open() "/home/paul/kill_NCP_ci_fronted/killNCP/www/nconv2019/dist/struts2-showcase/config-browser/actionNames.action" failed (2: No such file or directory), client: 159.226.17.37, server: 0.0.0.0, request: "POST /struts2-showcase/config-browser/actionNames.action HTTP/1.1", host: "159.226.29.113:80", referrer: "http://159.226.29.113:80/"
2020/02/16 19:31:36 [error] 18796#0: *3978 "/home/paul/kill_NCP_ci_fronted/killNCP/www/nconv2019/dist/phpmyadmin/index.html" is not found (2: No such file or directory), client: 159.226.17.37, server: 0.0.0.0, request: "GET /phpmyadmin/ HTTP/1.1", host: "159.226.29.113:80", referrer: "http://159.226.29.113:80/"
2020/02/16 19:31:36 [error] 18796#0: *3979 open() "/home/paul/kill_NCP_ci_fronted/killNCP/www/nconv2019/dist/login.jsp" failed (2: No such file or directory), client: 159.226.17.37, server: 0.0.0.0, request: "GET /login.jsp HTTP/1.1", host: "159.226.29.113:80", referrer: "http://159.226.29.113:80/"
2020/02/16 19:31:36 [error] 18796#0: *3980 open() "/home/paul/kill_NCP_ci_fronted/killNCP/www/nconv2019/dist/admin.html" failed (2: No such file or directory), client: 159.226.17.37, server: 0.0.0.0, request: "GET /admin.html HTTP/1.1", host: "159.226.29.113:80", referrer: "http://159.226.29.113:80/"
2020/02/16 19:31:36 [error] 18796#0: *3981 "/home/paul/kill_NCP_ci_fronted/killNCP/www/nconv2019/dist/admin/index.html" is not found (2: No such file or directory), client: 159.226.17.37, server: 0.0.0.0, request: "GET /admin/ HTTP/1.1", host: "159.226.29.113:80", referrer: "http://159.226.29.113:80/"
2020/02/16 19:31:36 [error] 18796#0: *3982 "/home/paul/kill_NCP_ci_fronted/killNCP/www/nconv2019/dist/.svn/index.html" is not found (2: No such file or directory), client: 159.226.17.37, server: 0.0.0.0, request: "GET /.svn/ HTTP/1.1", host: "159.226.29.113:80", referrer: "http://159.226.29.113:80/"
2020/02/16 19:31:36 [error] 18796#0: *3983 open() "/home/paul/kill_NCP_ci_fronted/killNCP/www/nconv2019/dist/.svn/entries" failed (2: No such file or directory), client: 159.226.17.37, server: 0.0.0.0, request: "GET /.svn/entries HTTP/1.1", host: "159.226.29.113:80", referrer: "http://159.226.29.113:80/"
2020/02/16 19:31:36 [error] 18796#0: *3984 open() "/home/paul/kill_NCP_ci_fronted/killNCP/www/nconv2019/dist/server-info" failed (2: No such file or directory), client: 159.226.17.37, server: 0.0.0.0, request: "GET /server-info HTTP/1.1", host: "159.226.29.113:80", referrer: "http://159.226.29.113:80/"
2020/02/16 19:31:36 [error] 18796#0: *3985 open() "/home/paul/kill_NCP_ci_fronted/killNCP/www/nconv2019/dist/server-status" failed (2: No such file or directory), client: 159.226.17.37, server: 0.0.0.0, request: "GET /server-status HTTP/1.1", host: "159.226.29.113:80", referrer: "http://159.226.29.113:80/"
2020/02/16 19:31:36 [error] 18796#0: *3986 open() "/home/paul/kill_NCP_ci_fronted/killNCP/www/nconv2019/dist/robot.txt" failed (2: No such file or directory), client: 159.226.17.37, server: 0.0.0.0, request: "GET /robot.txt HTTP/1.1", host: "159.226.29.113:80", referrer: "http://159.226.29.113:80/"
2020/02/16 19:31:36 [error] 18796#0: *3987 open() "/home/paul/kill_NCP_ci_fronted/killNCP/www/nconv2019/dist/robots.txt" failed (2: No such file or directory), client: 159.226.17.37, server: 0.0.0.0, request: "GET /robots.txt HTTP/1.1", host: "159.226.29.113:80", referrer: "http://159.226.29.113:80/"
2020/02/16 19:31:36 [error] 18796#0: *3988 "/home/paul/kill_NCP_ci_fronted/killNCP/www/nconv2019/dist/webadmin/index.html" is not found (2: No such file or directory), client: 159.226.17.37, server: 0.0.0.0, request: "GET /webadmin/ HTTP/1.1", host: "159.226.29.113:80", referrer: "http://159.226.29.113:80/"
2020/02/16 19:31:36 [error] 18796#0: *3989 open() "/home/paul/kill_NCP_ci_fronted/killNCP/www/nconv2019/dist/inf.php" failed (2: No such file or directory), client: 159.226.17.37, server: 0.0.0.0, request: "GET /inf.php HTTP/1.1", host: "159.226.29.113:80", referrer: "http://159.226.29.113:80/"
2020/02/16 19:31:36 [error] 18796#0: *3990 open() "/home/paul/kill_NCP_ci_fronted/killNCP/www/nconv2019/dist/info.php" failed (2: No such file or directory), client: 159.226.17.37, server: 0.0.0.0, request: "GET /info.php HTTP/1.1", host: "159.226.29.113:80", referrer: "http://159.226.29.113:80/"
2020/02/16 19:31:36 [error] 18796#0: *3991 open() "/home/paul/kill_NCP_ci_fronted/killNCP/www/nconv2019/dist/wcm/help/wcmhelp_list.jsp" failed (2: No such file or directory), client: 159.226.17.37, server: 0.0.0.0, request: "GET /wcm/help/wcmhelp_list.jsp?trandom=0.3575719151171357&JspUrl=http%3A%2F%2F9.9.9.9%2Fwcm%2F%23%2Floginpage.jsp HTTP/1.1", host: "159.226.29.113:80", referrer: "http://159.226.29.113:80/"
2020/02/16 19:31:36 [error] 18796#0: *3992 open() "/home/paul/kill_NCP_ci_fronted/killNCP/www/nconv2019/dist/jmx" failed (2: No such file or directory), client: 159.226.17.37, server: 0.0.0.0, request: "GET /jmx HTTP/1.1", host: "159.226.29.113:80", referrer: "http://159.226.29.113:80/"
2020/02/16 19:31:36 [error] 18796#0: *3993 open() "/home/paul/kill_NCP_ci_fronted/killNCP/www/nconv2019/dist/admin-console" failed (2: No such file or directory), client: 159.226.17.37, server: 0.0.0.0, request: "GET /admin-console HTTP/1.1", host: "159.226.29.113:80", referrer: "http://159.226.29.113:80/"
2020/02/16 19:31:36 [error] 18796#0: *3994 open() "/home/paul/kill_NCP_ci_fronted/killNCP/www/nconv2019/dist/web-console" failed (2: No such file or directory), client: 159.226.17.37, server: 0.0.0.0, request: "GET /web-console HTTP/1.1", host: "159.226.29.113:80", referrer: "http://159.226.29.113:80/"
2020/02/16 19:31:36 [error] 18796#0: *3995 open() "/home/paul/kill_NCP_ci_fronted/killNCP/www/nconv2019/dist/jmx-console/HtmlAdaptor" failed (2: No such file or directory), client: 159.226.17.37, server: 0.0.0.0, request: "POST /jmx-console/HtmlAdaptor HTTP/1.1", host: "159.226.29.113:80", referrer: "http://159.226.29.113:80/"
2020/02/16 19:31:36 [error] 18796#0: *3996 "/home/paul/kill_NCP_ci_fronted/killNCP/www/nconv2019/dist/jmx-console/index.html" is not found (2: No such file or directory), client: 159.226.17.37, server: 0.0.0.0, request: "POST /jmx-console/ HTTP/1.1", host: "159.226.29.113:80", referrer: "http://159.226.29.113:80/"
2020/02/16 19:31:36 [error] 18796#0: *3997 open() "/home/paul/kill_NCP_ci_fronted/killNCP/www/nconv2019/dist/resin-doc" failed (2: No such file or directory), client: 159.226.17.37, server: 0.0.0.0, request: "GET /resin-doc HTTP/1.1", host: "159.226.29.113:80", referrer: "http://159.226.29.113:80/"
2020/02/16 19:31:36 [error] 18796#0: *3998 "/home/paul/kill_NCP_ci_fronted/killNCP/www/nconv2019/dist/administrators/index.html" is not found (2: No such file or directory), client: 159.226.17.37, server: 0.0.0.0, request: "GET /administrators/ HTTP/1.1", host: "159.226.29.113:80", referrer: "http://159.226.29.113:80/"
2020/02/16 19:31:36 [error] 18796#0: *3999 "/home/paul/kill_NCP_ci_fronted/killNCP/www/nconv2019/dist/administrator/index.html" is not found (2: No such file or directory), client: 159.226.17.37, server: 0.0.0.0, request: "GET /administrator/ HTTP/1.1", host: "159.226.29.113:80", referrer: "http://159.226.29.113:80/"
2020/02/16 19:31:36 [error] 18796#0: *4000 "/home/paul/kill_NCP_ci_fronted/killNCP/www/nconv2019/dist/system/index.html" is not found (2: No such file or directory), client: 159.226.17.37, server: 0.0.0.0, request: "GET /system/ HTTP/1.1", host: "159.226.29.113:80", referrer: "http://159.226.29.113:80/"
2020/02/16 19:31:36 [error] 18796#0: *4001 open() "/home/paul/kill_NCP_ci_fronted/killNCP/www/nconv2019/dist/console" failed (2: No such file or directory), client: 159.226.17.37, server: 0.0.0.0, request: "GET /console HTTP/1.1", host: "159.226.29.113:80", referrer: "http://159.226.29.113:80/"
2020/02/16 19:31:36 [error] 18796#0: *4002 "/home/paul/kill_NCP_ci_fronted/killNCP/www/nconv2019/dist/weblogin/index.html" is not found (2: No such file or directory), client: 159.226.17.37, server: 0.0.0.0, request: "GET /weblogin/ HTTP/1.1", host: "159.226.29.113:80", referrer: "http://159.226.29.113:80/"
2020/02/16 19:31:36 [error] 18796#0: *4003 "/home/paul/kill_NCP_ci_fronted/killNCP/www/nconv2019/dist/work/index.html" is not found (2: No such file or directory), client: 159.226.17.37, server: 0.0.0.0, request: "GET /work/ HTTP/1.1", host: "159.226.29.113:80", referrer: "http://159.226.29.113:80/"
2020/02/16 19:31:36 [error] 18796#0: *4004 "/home/paul/kill_NCP_ci_fronted/killNCP/www/nconv2019/dist/src/index.html" is not found (2: No such file or directory), client: 159.226.17.37, server: 0.0.0.0, request: "GET /src/ HTTP/1.1", host: "159.226.29.113:80", referrer: "http://159.226.29.113:80/"
2020/02/16 19:31:36 [error] 18796#0: *4005 "/home/paul/kill_NCP_ci_fronted/killNCP/www/nconv2019/dist/bin/index.html" is not found (2: No such file or directory), client: 159.226.17.37, server: 0.0.0.0, request: "GET /bin/ HTTP/1.1", host: "159.226.29.113:80", referrer: "http://159.226.29.113:80/"
2020/02/16 19:31:36 [error] 18796#0: *4006 open() "/home/paul/kill_NCP_ci_fronted/killNCP/www/nconv2019/dist/phpinfo.php" failed (2: No such file or directory), client: 159.226.17.37, server: 0.0.0.0, request: "POST /phpinfo.php HTTP/1.1", host: "159.226.29.113:80", referrer: "http://159.226.29.113:80/"
2020/02/16 19:31:36 [error] 18796#0: *4007 "/home/paul/kill_NCP_ci_fronted/killNCP/www/nconv2019/dist/examples/jsp/index.html" is not found (2: No such file or directory), client: 159.226.17.37, server: 0.0.0.0, request: "POST /examples/jsp/ HTTP/1.1", host: "159.226.29.113:80", referrer: "http://159.226.29.113:80/"
2020/02/16 19:31:36 [error] 18796#0: *4008 open() "/home/paul/kill_NCP_ci_fronted/killNCP/www/nconv2019/dist/host-manager/html/add" failed (2: No such file or directory), client: 159.226.17.37, server: 0.0.0.0, request: "GET /host-manager/html/add HTTP/1.1", host: "159.226.29.113:80", referrer: "http://159.226.29.113:80/"
2020/02/16 19:32:02 [error] 18796#0: *4009 open() "/home/paul/kill_NCP_ci_fronted/killNCP/www/nconv2019/dist/manager/html" failed (2: No such file or directory), client: 159.226.17.37, server: 0.0.0.0, request: "GET /manager/html HTTP/1.1", host: "159.226.29.113:80", referrer: "http://159.226.29.113:80/"
2020/02/16 19:32:04 [error] 18796#0: *4010 open() "/home/paul/kill_NCP_ci_fronted/killNCP/www/nconv2019/dist/FCKeditor/editor/filemanager/browser/default/browser.html" failed (2: No such file or directory), client: 159.226.17.37, server: 0.0.0.0, request: "POST /FCKeditor/editor/filemanager/browser/default/browser.html HTTP/1.1", host: "159.226.29.113:80", referrer: "http://159.226.29.113:80/"
2020/02/16 19:32:04 [error] 18796#0: *4011 open() "/home/paul/kill_NCP_ci_fronted/killNCP/www/nconv2019/dist/test.do" failed (2: No such file or directory), client: 159.226.17.37, server: 0.0.0.0, request: "GET /test.do HTTP/1.1", host: "159.226.29.113:80", referrer: "http://159.226.29.113:80/"
2020/02/16 19:32:04 [error] 18796#0: *4012 open() "/home/paul/kill_NCP_ci_fronted/killNCP/www/nconv2019/dist/test.htm" failed (2: No such file or directory), client: 159.226.17.37, server: 0.0.0.0, request: "GET /test.htm HTTP/1.1", host: "159.226.29.113:80", referrer: "http://159.226.29.113:80/"
2020/02/16 19:32:04 [error] 18796#0: *4013 open() "/home/paul/kill_NCP_ci_fronted/killNCP/www/nconv2019/dist/test.html" failed (2: No such file or directory), client: 159.226.17.37, server: 0.0.0.0, request: "GET /test.html HTTP/1.1", host: "159.226.29.113:80", referrer: "http://159.226.29.113:80/"
2020/02/16 19:32:04 [error] 18796#0: *4014 open() "/home/paul/kill_NCP_ci_fronted/killNCP/www/nconv2019/dist/test.jsp" failed (2: No such file or directory), client: 159.226.17.37, server: 0.0.0.0, request: "GET /test.jsp HTTP/1.1", host: "159.226.29.113:80", referrer: "http://159.226.29.113:80/"
2020/02/16 19:32:04 [error] 18796#0: *4015 open() "/home/paul/kill_NCP_ci_fronted/killNCP/www/nconv2019/dist/test.php" failed (2: No such file or directory), client: 159.226.17.37, server: 0.0.0.0, request: "GET /test.php HTTP/1.1", host: "159.226.29.113:80", referrer: "http://159.226.29.113:80/"
2020/02/16 19:32:04 [error] 18796#0: *4016 open() "/home/paul/kill_NCP_ci_fronted/killNCP/www/nconv2019/dist/test.asp" failed (2: No such file or directory), client: 159.226.17.37, server: 0.0.0.0, request: "GET /test.asp HTTP/1.1", host: "159.226.29.113:80", referrer: "http://159.226.29.113:80/"
2020/02/16 19:32:04 [error] 18796#0: *4017 "/home/paul/kill_NCP_ci_fronted/killNCP/www/nconv2019/dist/phpcms/index.html" is not found (2: No such file or directory), client: 159.226.17.37, server: 0.0.0.0, request: "GET /phpcms/ HTTP/1.1", host: "159.226.29.113:80", referrer: "http://159.226.29.113:80/"
2020/02/16 19:32:04 [error] 18796#0: *4018 open() "/home/paul/kill_NCP_ci_fronted/killNCP/www/nconv2019/dist/inc/conn.inc" failed (2: No such file or directory), client: 159.226.17.37, server: 0.0.0.0, request: "GET /inc/conn.inc HTTP/1.1", host: "159.226.29.113:80", referrer: "http://159.226.29.113:80/"
2020/02/16 19:32:04 [error] 18796#0: *4019 open() "/home/paul/kill_NCP_ci_fronted/killNCP/www/nconv2019/dist/Frm/login.aspx" failed (2: No such file or directory), client: 159.226.17.37, server: 0.0.0.0, request: "GET /Frm/login.aspx HTTP/1.1", host: "159.226.29.113:80", referrer: "http://159.226.29.113:80/"
2020/02/16 19:32:04 [error] 18796#0: *4020 open() "/home/paul/kill_NCP_ci_fronted/killNCP/www/nconv2019/dist/editor/filemanager" failed (2: No such file or directory), client: 159.226.17.37, server: 0.0.0.0, request: "GET /editor/filemanager HTTP/1.1", host: "159.226.29.113:80", referrer: "http://159.226.29.113:80/"
2020/02/16 19:32:04 [error] 18796#0: *4021 "/home/paul/kill_NCP_ci_fronted/killNCP/www/nconv2019/dist/editor/index.html" is not found (2: No such file or directory), client: 159.226.17.37, server: 0.0.0.0, request: "GET /editor/ HTTP/1.1", host: "159.226.29.113:80", referrer: "http://159.226.29.113:80/"
2020/02/16 19:32:04 [error] 18796#0: *4022 open() "/home/paul/kill_NCP_ci_fronted/killNCP/www/nconv2019/dist/eWebEditor/db/ewebeditor.mdb" failed (2: No such file or directory), client: 159.226.17.37, server: 0.0.0.0, request: "POST /eWebEditor/db/ewebeditor.mdb HTTP/1.1", host: "159.226.29.113:80", referrer: "http://159.226.29.113:80/"
2020/02/16 19:32:04 [error] 18796#0: *4023 open() "/home/paul/kill_NCP_ci_fronted/killNCP/www/nconv2019/dist/eWebEditor/Admin_Login.asp" failed (2: No such file or directory), client: 159.226.17.37, server: 0.0.0.0, request: "POST /eWebEditor/Admin_Login.asp HTTP/1.1", host: "159.226.29.113:80", referrer: "http://159.226.29.113:80/"
2020/02/16 19:32:04 [error] 18796#0: *4024 "/home/paul/kill_NCP_ci_fronted/killNCP/www/nconv2019/dist/upload/index.html" is not found (2: No such file or directory), client: 159.226.17.37, server: 0.0.0.0, request: "GET /upload/ HTTP/1.1", host: "159.226.29.113:80", referrer: "http://159.226.29.113:80/"
2020/02/16 19:32:04 [error] 18796#0: *4025 "/home/paul/kill_NCP_ci_fronted/killNCP/www/nconv2019/dist/login/index.html" is not found (2: No such file or directory), client: 159.226.17.37, server: 0.0.0.0, request: "GET /login/ HTTP/1.1", host: "159.226.29.113:80", referrer: "http://159.226.29.113:80/"
2020/02/16 19:32:04 [error] 18796#0: *4026 "/home/paul/kill_NCP_ci_fronted/killNCP/www/nconv2019/dist/iissamples/index.html" is not found (2: No such file or directory), client: 159.226.17.37, server: 0.0.0.0, request: "GET /iissamples/ HTTP/1.1", host: "159.226.29.113:80", referrer: "http://159.226.29.113:80/"
2020/02/16 19:32:04 [error] 18796#0: *4027 "/home/paul/kill_NCP_ci_fronted/killNCP/www/nconv2019/dist/iishelp/index.html" is not found (2: No such file or directory), client: 159.226.17.37, server: 0.0.0.0, request: "GET /iishelp/ HTTP/1.1", host: "159.226.29.113:80", referrer: "http://159.226.29.113:80/"
2020/02/16 19:32:04 [error] 18796#0: *4028 "/home/paul/kill_NCP_ci_fronted/killNCP/www/nconv2019/dist/iisadmin/index.html" is not found (2: No such file or directory), client: 159.226.17.37, server: 0.0.0.0, request: "GET /iisadmin/ HTTP/1.1", host: "159.226.29.113:80", referrer: "http://159.226.29.113:80/"
2020/02/16 19:32:04 [error] 18796#0: *4029 "/home/paul/kill_NCP_ci_fronted/killNCP/www/nconv2019/dist/doc/index.html" is not found (2: No such file or directory), client: 159.226.17.37, server: 0.0.0.0, request: "GET /doc/ HTTP/1.1", host: "159.226.29.113:80", referrer: "http://159.226.29.113:80/"
2020/02/16 19:32:04 [error] 18796#0: *4030 "/home/paul/kill_NCP_ci_fronted/killNCP/www/nconv2019/dist/connections/index.html" is not found (2: No such file or directory), client: 159.226.17.37, server: 0.0.0.0, request: "GET /connections/ HTTP/1.1", host: "159.226.29.113:80", referrer: "http://159.226.29.113:80/"
2020/02/16 19:32:04 [error] 18796#0: *4031 "/home/paul/kill_NCP_ci_fronted/killNCP/www/nconv2019/dist/common/index.html" is not found (2: No such file or directory), client: 159.226.17.37, server: 0.0.0.0, request: "GET /common/ HTTP/1.1", host: "159.226.29.113:80", referrer: "http://159.226.29.113:80/"
2020/02/16 19:32:04 [error] 18796#0: *4032 "/home/paul/kill_NCP_ci_fronted/killNCP/www/nconv2019/dist/_vti_txt/index.html" is not found (2: No such file or directory), client: 159.226.17.37, server: 0.0.0.0, request: "GET /_vti_txt/ HTTP/1.1", host: "159.226.29.113:80", referrer: "http://159.226.29.113:80/"
2020/02/16 19:32:04 [error] 18796#0: *4033 "/home/paul/kill_NCP_ci_fronted/killNCP/www/nconv2019/dist/_vti_pvt/index.html" is not found (2: No such file or directory), client: 159.226.17.37, server: 0.0.0.0, request: "GET /_vti_pvt/ HTTP/1.1", host: "159.226.29.113:80", referrer: "http://159.226.29.113:80/"
2020/02/16 19:32:04 [error] 18796#0: *4034 "/home/paul/kill_NCP_ci_fronted/killNCP/www/nconv2019/dist/_vti_log/index.html" is not found (2: No such file or directory), client: 159.226.17.37, server: 0.0.0.0, request: "GET /_vti_log/ HTTP/1.1", host: "159.226.29.113:80", referrer: "http://159.226.29.113:80/"
2020/02/16 19:32:04 [error] 18796#0: *4035 "/home/paul/kill_NCP_ci_fronted/killNCP/www/nconv2019/dist/_vti_cnf/index.html" is not found (2: No such file or directory), client: 159.226.17.37, server: 0.0.0.0, request: "GET /_vti_cnf/ HTTP/1.1", host: "159.226.29.113:80", referrer: "http://159.226.29.113:80/"
