2020/02/16 18:02:47 [error] 18796#0: *3756 open() "/home/paul/kill_NCP_ci_fronted/killNCP/www/nconv2019/dist/index.jsp" failed (2: No such file or directory), client: 159.226.17.34, server: 0.0.0.0, request: "GET /index.jsp HTTP/1.1", host: "159.226.29.113"
2020/02/16 18:02:47 [error] 18796#0: *3759 open() "/home/paul/kill_NCP_ci_fronted/killNCP/www/nconv2019/dist/altercast/AlterCast" failed (2: No such file or directory), client: 159.226.17.34, server: 0.0.0.0, request: "GET /altercast/AlterCast?op=%3cscript%3ealert(%22%22)%3c%2fscript%3e HTTP/1.1", host: "159.226.29.113"
2020/02/16 18:02:47 [error] 18796#0: *3761 open() "/home/paul/kill_NCP_ci_fronted/killNCP/www/nconv2019/dist/exchweb/bin/auth/owalogon.asp" failed (2: No such file or directory), client: 159.226.17.34, server: 0.0.0.0, request: "GET /exchweb/bin/auth/owalogon.asp?url=http://12345678910 HTTP/1.1", host: "159.226.29.113"
2020/02/16 18:02:47 [error] 18796#0: *3764 open() "/home/paul/kill_NCP_ci_fronted/killNCP/www/nconv2019/dist/this_page_should_not_exist.htm" failed (2: No such file or directory), client: 159.226.17.34, server: 0.0.0.0, request: "GET /this_page_should_not_exist.htm HTTP/1.1", host: "159.226.29.113"
2020/02/16 18:02:47 [error] 18796#0: *3765 open() "/home/paul/kill_NCP_ci_fronted/killNCP/www/nconv2019/dist/user_settings.cfg" failed (2: No such file or directory), client: 159.226.17.34, server: 0.0.0.0, request: "GET /user_settings.cfg HTTP/1.1", host: "159.226.29.113"
2020/02/16 18:02:47 [error] 18796#0: *3768 open() "/home/paul/kill_NCP_ci_fronted/killNCP/www/nconv2019/dist/CFIDE/administrator/index.cfm" failed (2: No such file or directory), client: 159.226.17.34, server: 0.0.0.0, request: "GET /CFIDE/administrator/index.cfm HTTP/1.1", host: "159.226.29.113"
2020/02/16 18:02:47 [error] 18796#0: *3772 open() "/home/paul/kill_NCP_ci_fronted/killNCP/www/nconv2019/dist/CFIDE/administrator/index.cfm" failed (2: No such file or directory), client: 159.226.17.34, server: 0.0.0.0, request: "GET /CFIDE/administrator/index.cfm HTTP/1.1", host: "159.226.29.113"
2020/02/16 18:02:47 [error] 18796#0: *3777 "/home/paul/kill_NCP_ci_fronted/killNCP/www/nconv2019/dist/roller/index.html" is not found (2: No such file or directory), client: 159.226.17.34, server: 0.0.0.0, request: "GET /roller/ HTTP/1.1", host: "159.226.29.113"
2020/02/16 18:02:47 [error] 18796#0: *3777 "/home/paul/kill_NCP_ci_fronted/killNCP/www/nconv2019/dist/blogs/index.html" is not found (2: No such file or directory), client: 159.226.17.34, server: 0.0.0.0, request: "GET /blogs/ HTTP/1.1", host: "159.226.29.113"
2020/02/16 18:02:47 [error] 18796#0: *3779 open() "/home/paul/kill_NCP_ci_fronted/killNCP/www/nconv2019/dist/flex2gateway/http" failed (2: No such file or directory), client: 159.226.17.34, server: 0.0.0.0, request: "GET /flex2gateway/http HTTP/1.1", host: "159.226.29.113"
2020/02/16 18:02:47 [error] 18796#0: *3779 open() "/home/paul/kill_NCP_ci_fronted/killNCP/www/nconv2019/dist/messagebroker/http" failed (2: No such file or directory), client: 159.226.17.34, server: 0.0.0.0, request: "GET /messagebroker/http HTTP/1.1", host: "159.226.29.113"
2020/02/16 18:02:47 [error] 18796#0: *3781 open() "/home/paul/kill_NCP_ci_fronted/killNCP/www/nconv2019/dist/qwe/qwe/index.html" failed (2: No such file or directory), client: 159.226.17.34, server: 0.0.0.0, request: "GET /qwe/qwe/index.html HTTP/1.1", host: "159.226.29.113"
2020/02/16 18:02:47 [error] 18796#0: *3786 open() "/home/paul/kill_NCP_ci_fronted/killNCP/www/nconv2019/dist/jackrabbit/search.jsp" failed (2: No such file or directory), client: 159.226.17.34, server: 0.0.0.0, request: "GET /jackrabbit/search.jsp?q=%25%22%3cscript%3ealert(1581846529)%3c/script%3e HTTP/1.1", host: "159.226.29.113"
2020/02/16 18:02:47 [error] 18796#0: *3786 open() "/home/paul/kill_NCP_ci_fronted/killNCP/www/nconv2019/dist/jackrabbit/swr.jsp" failed (2: No such file or directory), client: 159.226.17.34, server: 0.0.0.0, request: "GET /jackrabbit/swr.jsp?q=%25"<script>alert(1581846529)</script>&swrnum=1 HTTP/1.1", host: "159.226.29.113"
2020/02/16 18:02:47 [error] 18796#0: *3787 open() "/home/paul/kill_NCP_ci_fronted/killNCP/www/nconv2019/dist/OvCgi/webappmon.exe" failed (2: No such file or directory), client: 159.226.17.34, server: 0.0.0.0, request: "GET /OvCgi/webappmon.exe?ins=nowait&act=natping&sel=%22255.255.255.255%20%26%20id%26%22 HTTP/1.1", host: "159.226.29.113"
2020/02/16 18:02:47 [error] 18796#0: *3787 open() "/home/paul/kill_NCP_ci_fronted/killNCP/www/nconv2019/dist/webappmon.exe" failed (2: No such file or directory), client: 159.226.17.34, server: 0.0.0.0, request: "GET /webappmon.exe?ins=nowait&act=natping&sel=%22255.255.255.255%20%26%20id%26%22 HTTP/1.1", host: "159.226.29.113"
2020/02/16 18:02:47 [error] 18796#0: *3789 open() "/home/paul/kill_NCP_ci_fronted/killNCP/www/nconv2019/dist/examples/jsp/cal/cal2.jsp" failed (2: No such file or directory), client: 159.226.17.34, server: 0.0.0.0, request: "GET /examples/jsp/cal/cal2.jsp?time=8am%20STYLE%3dxss%3ae%2f**%2fxpression(try%7ba%3dfirstTime%7dcatch(e)%7bfirstTime%3d1%3balert('')%7d)%3b HTTP/1.1", host: "159.226.29.113"
2020/02/16 18:02:47 [error] 18796#0: *3789 open() "/home/paul/kill_NCP_ci_fronted/killNCP/www/nconv2019/dist/jsp-examples/cal/cal2.jsp" failed (2: No such file or directory), client: 159.226.17.34, server: 0.0.0.0, request: "GET /jsp-examples/cal/cal2.jsp?time=8am%20STYLE%3dxss%3ae%2f**%2fxpression(try%7ba%3dfirstTime%7dcatch(e)%7bfirstTime%3d1%3balert('')%7d)%3b HTTP/1.1", host: "159.226.29.113"
2020/02/16 18:02:47 [error] 18796#0: *3779 open() "/home/paul/kill_NCP_ci_fronted/killNCP/www/nconv2019/dist/blazeds/messagebroker/http" failed (2: No such file or directory), client: 159.226.17.34, server: 0.0.0.0, request: "GET /blazeds/messagebroker/http HTTP/1.1", host: "159.226.29.113"
2020/02/16 18:02:47 [error] 18796#0: *3792 open() "/home/paul/kill_NCP_ci_fronted/killNCP/www/nconv2019/dist/index.php/..namedfork/data" failed (2: No such file or directory), client: 159.226.17.34, server: 0.0.0.0, request: "GET /index.php/..namedfork/data HTTP/1.1", host: "159.226.29.113"
2020/02/16 18:02:47 [error] 18796#0: *3786 open() "/home/paul/kill_NCP_ci_fronted/killNCP/www/nconv2019/dist/search.jsp" failed (2: No such file or directory), client: 159.226.17.34, server: 0.0.0.0, request: "GET /search.jsp?q=%25%22%3cscript%3ealert(1581846529)%3c/script%3e HTTP/1.1", host: "159.226.29.113"
2020/02/16 18:02:47 [error] 18796#0: *3779 open() "/home/paul/kill_NCP_ci_fronted/killNCP/www/nconv2019/dist/samples/messagebroker/http" failed (2: No such file or directory), client: 159.226.17.34, server: 0.0.0.0, request: "GET /samples/messagebroker/http HTTP/1.1", host: "159.226.29.113"
2020/02/16 18:02:47 [error] 18796#0: *3786 open() "/home/paul/kill_NCP_ci_fronted/killNCP/www/nconv2019/dist/swr.jsp" failed (2: No such file or directory), client: 159.226.17.34, server: 0.0.0.0, request: "GET /swr.jsp?q=%25"<script>alert(1581846529)</script>&swrnum=1 HTTP/1.1", host: "159.226.29.113"
2020/02/16 18:02:47 [error] 18796#0: *3779 open() "/home/paul/kill_NCP_ci_fronted/killNCP/www/nconv2019/dist/lcds/messagebroker/http" failed (2: No such file or directory), client: 159.226.17.34, server: 0.0.0.0, request: "GET /lcds/messagebroker/http HTTP/1.1", host: "159.226.29.113"
2020/02/16 18:02:47 [error] 18796#0: *3792 open() "/home/paul/kill_NCP_ci_fronted/killNCP/www/nconv2019/dist/index.html/..namedfork/data" failed (20: Not a directory), client: 159.226.17.34, server: 0.0.0.0, request: "GET /index.html/..namedfork/data HTTP/1.1", host: "159.226.29.113"
2020/02/16 18:02:47 [error] 18796#0: *3779 open() "/home/paul/kill_NCP_ci_fronted/killNCP/www/nconv2019/dist/lcds-samples/messagebroker/http" failed (2: No such file or directory), client: 159.226.17.34, server: 0.0.0.0, request: "GET /lcds-samples/messagebroker/http HTTP/1.1", host: "159.226.29.113"
2020/02/16 18:02:48 [error] 18796#0: *3796 open() "/home/paul/kill_NCP_ci_fronted/killNCP/www/nconv2019/dist/1581846529-" failed (2: No such file or directory), client: 159.226.17.34, server: 0.0.0.0, request: "GET /1581846529- HTTP/1.1", host: "159.226.29.113"
2020/02/16 18:02:48 [error] 18796#0: *3779 open() "/home/paul/kill_NCP_ci_fronted/killNCP/www/nconv2019/dist/flex2gateway/http" failed (2: No such file or directory), client: 159.226.17.34, server: 0.0.0.0, request: "GET /flex2gateway/http HTTP/1.1", host: "159.226.29.113"
2020/02/16 18:02:48 [error] 18796#0: *3779 open() "/home/paul/kill_NCP_ci_fronted/killNCP/www/nconv2019/dist/messagebroker/http" failed (2: No such file or directory), client: 159.226.17.34, server: 0.0.0.0, request: "GET /messagebroker/http HTTP/1.1", host: "159.226.29.113"
2020/02/16 18:02:48 [error] 18796#0: *3779 open() "/home/paul/kill_NCP_ci_fronted/killNCP/www/nconv2019/dist/blazeds/messagebroker/http" failed (2: No such file or directory), client: 159.226.17.34, server: 0.0.0.0, request: "GET /blazeds/messagebroker/http HTTP/1.1", host: "159.226.29.113"
2020/02/16 18:02:48 [error] 18796#0: *3779 open() "/home/paul/kill_NCP_ci_fronted/killNCP/www/nconv2019/dist/samples/messagebroker/http" failed (2: No such file or directory), client: 159.226.17.34, server: 0.0.0.0, request: "GET /samples/messagebroker/http HTTP/1.1", host: "159.226.29.113"
2020/02/16 18:02:48 [error] 18796#0: *3811 open() "/home/paul/kill_NCP_ci_fronted/killNCP/www/nconv2019/dist/wps/portal_dojo/layerLoader.jsp" failed (2: No such file or directory), client: 159.226.17.34, server: 0.0.0.0, request: "GET /wps/portal_dojo/layerLoader.jsp?path=file:/winnt/win.ini%00 HTTP/1.1", host: "159.226.29.113"
2020/02/16 18:02:48 [error] 18796#0: *3779 open() "/home/paul/kill_NCP_ci_fronted/killNCP/www/nconv2019/dist/lcds/messagebroker/http" failed (2: No such file or directory), client: 159.226.17.34, server: 0.0.0.0, request: "GET /lcds/messagebroker/http HTTP/1.1", host: "159.226.29.113"
2020/02/16 18:02:48 [error] 18796#0: *3811 open() "/home/paul/kill_NCP_ci_fronted/killNCP/www/nconv2019/dist/portal_dojo/layerLoader.jsp" failed (2: No such file or directory), client: 159.226.17.34, server: 0.0.0.0, request: "GET /portal_dojo/layerLoader.jsp?path=file:/winnt/win.ini%00 HTTP/1.1", host: "159.226.29.113"
2020/02/16 18:02:48 [error] 18796#0: *3779 open() "/home/paul/kill_NCP_ci_fronted/killNCP/www/nconv2019/dist/lcds-samples/messagebroker/http" failed (2: No such file or directory), client: 159.226.17.34, server: 0.0.0.0, request: "GET /lcds-samples/messagebroker/http HTTP/1.1", host: "159.226.29.113"
2020/02/16 18:02:48 [error] 18796#0: *3816 open() "/home/paul/kill_NCP_ci_fronted/killNCP/www/nconv2019/dist/tomcat-docs/appdev/sample/web/hello.jsp" failed (2: No such file or directory), client: 159.226.17.34, server: 0.0.0.0, request: "GET /tomcat-docs/appdev/sample/web/hello.jsp?test=<script>alert()</script> HTTP/1.1", host: "159.226.29.113"
2020/02/16 18:02:48 [error] 18796#0: *3811 open() "/home/paul/kill_NCP_ci_fronted/killNCP/www/nconv2019/dist/wps/portal_dojo/layerLoader.jsp" failed (2: No such file or directory), client: 159.226.17.34, server: 0.0.0.0, request: "GET /wps/portal_dojo/layerLoader.jsp?path=file:/windows/win.ini%00 HTTP/1.1", host: "159.226.29.113"
2020/02/16 18:02:48 [error] 18796#0: *3811 open() "/home/paul/kill_NCP_ci_fronted/killNCP/www/nconv2019/dist/portal_dojo/layerLoader.jsp" failed (2: No such file or directory), client: 159.226.17.34, server: 0.0.0.0, request: "GET /portal_dojo/layerLoader.jsp?path=file:/windows/win.ini%00 HTTP/1.1", host: "159.226.29.113"
2020/02/16 18:02:48 [error] 18796#0: *3820 open() "/home/paul/kill_NCP_ci_fronted/killNCP/www/nconv2019/dist/////////////boot.ini" failed (2: No such file or directory), client: 159.226.17.34, server: 0.0.0.0, request: "GET /%c0%ae%c0%ae/%c0%ae%c0%ae/%c0%ae%c0%ae/%c0%ae%c0%ae/%c0%ae%c0%ae/%c0%ae%c0%ae/%c0%ae%c0%ae/%c0%ae%c0%ae/%c0%ae%c0%ae/%c0%ae%c0%ae/%c0%ae%c0%ae/%c0%ae%c0%ae/boot.ini HTTP/1.1", host: "159.226.29.113"
2020/02/16 18:02:48 [error] 18796#0: *3820 open() "/home/paul/kill_NCP_ci_fronted/killNCP/www/nconv2019/dist/////////////etc/passwd" failed (2: No such file or directory), client: 159.226.17.34, server: 0.0.0.0, request: "GET /%c0%ae%c0%ae/%c0%ae%c0%ae/%c0%ae%c0%ae/%c0%ae%c0%ae/%c0%ae%c0%ae/%c0%ae%c0%ae/%c0%ae%c0%ae/%c0%ae%c0%ae/%c0%ae%c0%ae/%c0%ae%c0%ae/%c0%ae%c0%ae/%c0%ae%c0%ae/etc/passwd HTTP/1.1", host: "159.226.29.113"
2020/02/16 18:02:48 [error] 18796#0: *3823 open() "/home/paul/kill_NCP_ci_fronted/killNCP/www/nconv2019/dist/examples/jsp/source.jsp" failed (2: No such file or directory), client: 159.226.17.34, server: 0.0.0.0, request: "GET /examples/jsp/source.jsp?%2e%2e/%2e%2e/%2e%2e/%2e%2e/system/autoexec.ncf HTTP/1.1", host: "159.226.29.113"
2020/02/16 18:02:48 [error] 18796#0: *3825 open() "/home/paul/kill_NCP_ci_fronted/killNCP/www/nconv2019/dist/examples/SendMailServlet" failed (2: No such file or directory), client: 159.226.17.34, server: 0.0.0.0, request: "GET /examples/SendMailServlet HTTP/1.1", host: "159.226.29.113"
2020/02/16 18:02:48 [error] 18796#0: *3822 open() "/home/paul/kill_NCP_ci_fronted/killNCP/www/nconv2019/dist/jsp-examples/snp/snoop.jsp;<script>alert('')</script>test.jsp" failed (2: No such file or directory), client: 159.226.17.34, server: 0.0.0.0, request: "GET /jsp-examples/snp/snoop.jsp;<script>alert('')</script>test.jsp HTTP/1.1", host: "159.226.29.113"
2020/02/16 18:02:48 [error] 18796#0: *3811 open() "/home/paul/kill_NCP_ci_fronted/killNCP/www/nconv2019/dist/wps/portal_dojo/layerLoader.jsp" failed (2: No such file or directory), client: 159.226.17.34, server: 0.0.0.0, request: "GET /wps/portal_dojo/layerLoader.jsp?path=file:/etc/passwd%00 HTTP/1.1", host: "159.226.29.113"
2020/02/16 18:02:48 [error] 18796#0: *3828 open() "/home/paul/kill_NCP_ci_fronted/killNCP/www/nconv2019/dist/iisprotect/admin/SiteAdmin.ASP" failed (2: No such file or directory), client: 159.226.17.34, server: 0.0.0.0, request: "GET /iisprotect/admin/SiteAdmin.ASP?V_SiteName=&V_FirstTab=Groups&V_SecondTab=All&GroupName=Scanner HTTP/1.1", host: "159.226.29.113"
2020/02/16 18:02:48 [error] 18796#0: *3811 open() "/home/paul/kill_NCP_ci_fronted/killNCP/www/nconv2019/dist/portal_dojo/layerLoader.jsp" failed (2: No such file or directory), client: 159.226.17.34, server: 0.0.0.0, request: "GET /portal_dojo/layerLoader.jsp?path=file:/etc/passwd%00 HTTP/1.1", host: "159.226.29.113"
2020/02/16 18:02:48 [error] 18796#0: *3828 open() "/home/paul/kill_NCP_ci_fronted/killNCP/www/nconv2019/dist/iisprotect/admin/SiteAdmin.ASP" failed (2: No such file or directory), client: 159.226.17.34, server: 0.0.0.0, request: "GET /iisprotect/admin/SiteAdmin.ASP?V_SiteName=&V_FirstTab=Groups&V_SecondTab=All&GroupName=Scanner' HTTP/1.1", host: "159.226.29.113"
2020/02/16 18:02:48 [error] 18796#0: *3831 open() "/home/paul/kill_NCP_ci_fronted/killNCP/www/nconv2019/dist/HEAD" failed (2: No such file or directory), client: 159.226.17.34, server: 0.0.0.0, request: "GET /HEAD HTTP/1.1", host: "159.226.29.113"
2020/02/16 18:02:48 [error] 18796#0: *3831 open() "/home/paul/kill_NCP_ci_fronted/killNCP/www/nconv2019/dist/info/refs" failed (2: No such file or directory), client: 159.226.17.34, server: 0.0.0.0, request: "GET /info/refs?service=git-upload-pack HTTP/1.1", host: "159.226.29.113"
2020/02/16 18:02:48 [error] 18796#0: *3831 open() "/home/paul/kill_NCP_ci_fronted/killNCP/www/nconv2019/dist/.git/HEAD" failed (2: No such file or directory), client: 159.226.17.34, server: 0.0.0.0, request: "GET /.git/HEAD HTTP/1.1", host: "159.226.29.113"
2020/02/16 18:02:48 [error] 18796#0: *3831 open() "/home/paul/kill_NCP_ci_fronted/killNCP/www/nconv2019/dist/.git/info/refs" failed (2: No such file or directory), client: 159.226.17.34, server: 0.0.0.0, request: "GET /.git/info/refs?service=git-upload-pack HTTP/1.1", host: "159.226.29.113"
2020/02/16 18:02:48 [error] 18796#0: *3855 open() "/home/paul/kill_NCP_ci_fronted/killNCP/www/nconv2019/dist/index.php" failed (2: No such file or directory), client: 159.226.17.34, server: 0.0.0.0, request: "GET /index.php?show=http://xxx./nessus HTTP/1.1", host: "159.226.29.113"
2020/02/16 18:02:48 [error] 18796#0: *3858 open() "/home/paul/kill_NCP_ci_fronted/killNCP/www/nconv2019/dist/user/register" failed (2: No such file or directory), client: 159.226.17.34, server: 0.0.0.0, request: "POST /user/register?element_parents=account/mail/%23value&ajax_form=1&_wrapper_format=drupal_ajax HTTP/1.1", host: "159.226.29.113"
2020/02/16 18:02:48 [error] 18796#0: *3862 open() "/home/paul/kill_NCP_ci_fronted/killNCP/www/nconv2019/dist/index.php" failed (2: No such file or directory), client: 159.226.17.34, server: 0.0.0.0, request: "POST /index.php HTTP/1.1", host: "159.226.29.113"
2020/02/16 18:02:48 [error] 18796#0: *3865 open() "/home/paul/kill_NCP_ci_fronted/killNCP/www/nconv2019/dist/scripts/wgate/!" failed (2: No such file or directory), client: 159.226.17.34, server: 0.0.0.0, request: "GET /scripts/wgate/!?~urlmime=%22%3e%3cscript%3ealert(%22%22)%3c%2fscript%3e%3cimg%20src%3d%22 HTTP/1.1", host: "159.226.29.113"
2020/02/16 18:02:48 [error] 18796#0: *3863 open() "/home/paul/kill_NCP_ci_fronted/killNCP/www/nconv2019/dist/user/register" failed (2: No such file or directory), client: 159.226.17.34, server: 0.0.0.0, request: "POST /user/register?element_parents=account/mail/%23value&ajax_form=1&_wrapper_format=drupal_ajax HTTP/1.1", host: "159.226.29.113"
2020/02/16 18:02:48 [error] 18796#0: *3867 open() "/home/paul/kill_NCP_ci_fronted/killNCP/www/nconv2019/dist/gotopage.cgi" failed (2: No such file or directory), client: 159.226.17.34, server: 0.0.0.0, request: "GET /gotopage.cgi?4242+../../../../../../../../../../../../../etc/passwd HTTP/1.1", host: "159.226.29.113"
2020/02/16 18:02:48 [error] 18796#0: *3867 open() "/home/paul/kill_NCP_ci_fronted/killNCP/www/nconv2019/dist/genindexpage.cgi" failed (2: No such file or directory), client: 159.226.17.34, server: 0.0.0.0, request: "GET /genindexpage.cgi?4242+Home+/../../../../../../../../../../../../../etc/passwd HTTP/1.1", host: "159.226.29.113"
2020/02/16 18:02:48 [error] 18796#0: *3868 open() "/home/paul/kill_NCP_ci_fronted/killNCP/www/nconv2019/dist/web-console/ServerInfo.jsp" failed (2: No such file or directory), client: 159.226.17.34, server: 0.0.0.0, request: "GET /web-console/ServerInfo.jsp HTTP/1.1", host: "159.226.29.113"
2020/02/16 18:02:49 [error] 18796#0: *3859 open() "/home/paul/kill_NCP_ci_fronted/killNCP/www/nconv2019/dist/_mt/mt.cgi" failed (2: No such file or directory), client: 159.226.17.34, server: 0.0.0.0, request: "GET /_mt/mt.cgi HTTP/1.1", host: "159.226.29.113"
2020/02/16 18:02:49 [error] 18796#0: *3859 open() "/home/paul/kill_NCP_ci_fronted/killNCP/www/nconv2019/dist/_mt/mt.cgi" failed (2: No such file or directory), client: 159.226.17.34, server: 0.0.0.0, request: "GET /_mt/mt.cgi HTTP/1.1", host: "159.226.29.113"
2020/02/16 18:02:49 [error] 18796#0: *3859 open() "/home/paul/kill_NCP_ci_fronted/killNCP/www/nconv2019/dist/_mt/mt.cgi" failed (2: No such file or directory), client: 159.226.17.34, server: 0.0.0.0, request: "GET /_mt/mt.cgi HTTP/1.1", host: "159.226.29.113"
2020/02/16 18:02:49 [error] 18796#0: *3859 open() "/home/paul/kill_NCP_ci_fronted/killNCP/www/nconv2019/dist/admin.cgi" failed (2: No such file or directory), client: 159.226.17.34, server: 0.0.0.0, request: "GET /admin.cgi HTTP/1.1", host: "159.226.29.113"
2020/02/16 18:02:49 [error] 18796#0: *3873 open() "/home/paul/kill_NCP_ci_fronted/killNCP/www/nconv2019/dist/_mt/mt.cgi" failed (2: No such file or directory), client: 159.226.17.34, server: 0.0.0.0, request: "GET /_mt/mt.cgi HTTP/1.1", host: "159.226.29.113"
2020/02/16 18:02:49 [error] 18796#0: *3882 open() "/home/paul/kill_NCP_ci_fronted/killNCP/www/nconv2019/dist/search.php" failed (2: No such file or directory), client: 159.226.17.34, server: 0.0.0.0, request: "GET /search.php HTTP/1.1", host: "159.226.29.113"
2020/02/16 18:02:49 [error] 18796#0: *3883 open() "/home/paul/kill_NCP_ci_fronted/killNCP/www/nconv2019/dist/nul.dbm" failed (2: No such file or directory), client: 159.226.17.34, server: 0.0.0.0, request: "GET /nul.dbm HTTP/1.1", host: "159.226.29.113"
2020/02/16 18:02:49 [error] 18796#0: *3859 open() "/home/paul/kill_NCP_ci_fronted/killNCP/www/nconv2019/dist/admin.cgi" failed (2: No such file or directory), client: 159.226.17.34, server: 0.0.0.0, request: "GET /admin.cgi HTTP/1.1", host: "159.226.29.113"
2020/02/16 18:02:49 [error] 18796#0: *3873 open() "/home/paul/kill_NCP_ci_fronted/killNCP/www/nconv2019/dist/_mt/mt.cgi" failed (2: No such file or directory), client: 159.226.17.34, server: 0.0.0.0, request: "GET /_mt/mt.cgi HTTP/1.1", host: "159.226.29.113"
2020/02/16 18:02:49 [error] 18796#0: *3859 open() "/home/paul/kill_NCP_ci_fronted/killNCP/www/nconv2019/dist/admin.cgi" failed (2: No such file or directory), client: 159.226.17.34, server: 0.0.0.0, request: "GET /admin.cgi HTTP/1.1", host: "159.226.29.113"
2020/02/16 18:02:49 [error] 18796#0: *3889 open() "/home/paul/kill_NCP_ci_fronted/killNCP/www/nconv2019/dist/backup/www.159.226.29.z" failed (2: No such file or directory), client: 159.226.17.34, server: 0.0.0.0, request: "GET /backup/www.159.226.29.z HTTP/1.1", host: "159.226.29.113"
2020/02/16 18:02:49 [error] 18796#0: *3873 open() "/home/paul/kill_NCP_ci_fronted/killNCP/www/nconv2019/dist/_mt/mt.cgi" failed (2: No such file or directory), client: 159.226.17.34, server: 0.0.0.0, request: "GET /_mt/mt.cgi HTTP/1.1", host: "159.226.29.113"
2020/02/16 18:02:49 [error] 18796#0: *3889 open() "/home/paul/kill_NCP_ci_fronted/killNCP/www/nconv2019/dist/backup/159.226.29.z" failed (2: No such file or directory), client: 159.226.17.34, server: 0.0.0.0, request: "GET /backup/159.226.29.z HTTP/1.1", host: "159.226.29.113"
2020/02/16 18:02:49 [error] 18796#0: *3859 open() "/home/paul/kill_NCP_ci_fronted/killNCP/www/nconv2019/dist/administrator.cgi" failed (2: No such file or directory), client: 159.226.17.34, server: 0.0.0.0, request: "GET /administrator.cgi HTTP/1.1", host: "159.226.29.113"
2020/02/16 18:02:49 [error] 18796#0: *3873 open() "/home/paul/kill_NCP_ci_fronted/killNCP/www/nconv2019/dist/admin.cgi" failed (2: No such file or directory), client: 159.226.17.34, server: 0.0.0.0, request: "GET /admin.cgi HTTP/1.1", host: "159.226.29.113"
2020/02/16 18:02:49 [error] 18796#0: *3873 open() "/home/paul/kill_NCP_ci_fronted/killNCP/www/nconv2019/dist/admin.cgi" failed (2: No such file or directory), client: 159.226.17.34, server: 0.0.0.0, request: "GET /admin.cgi HTTP/1.1", host: "159.226.29.113"
2020/02/16 18:02:49 [error] 18796#0: *3889 open() "/home/paul/kill_NCP_ci_fronted/killNCP/www/nconv2019/dist/backup/www.159.226.29.113.z" failed (2: No such file or directory), client: 159.226.17.34, server: 0.0.0.0, request: "GET /backup/www.159.226.29.113.z HTTP/1.1", host: "159.226.29.113"
2020/02/16 18:02:49 [error] 18796#0: *3859 open() "/home/paul/kill_NCP_ci_fronted/killNCP/www/nconv2019/dist/administrator.cgi" failed (2: No such file or directory), client: 159.226.17.34, server: 0.0.0.0, request: "GET /administrator.cgi HTTP/1.1", host: "159.226.29.113"
2020/02/16 18:02:49 [error] 18796#0: *3889 open() "/home/paul/kill_NCP_ci_fronted/killNCP/www/nconv2019/dist/backup/159.226.29.113.z" failed (2: No such file or directory), client: 159.226.17.34, server: 0.0.0.0, request: "GET /backup/159.226.29.113.z HTTP/1.1", host: "159.226.29.113"
2020/02/16 18:02:49 [error] 18796#0: *3859 open() "/home/paul/kill_NCP_ci_fronted/killNCP/www/nconv2019/dist/administrator.cgi" failed (2: No such file or directory), client: 159.226.17.34, server: 0.0.0.0, request: "GET /administrator.cgi HTTP/1.1", host: "159.226.29.113"
2020/02/16 18:02:49 [error] 18796#0: *3873 open() "/home/paul/kill_NCP_ci_fronted/killNCP/www/nconv2019/dist/admin.cgi" failed (2: No such file or directory), client: 159.226.17.34, server: 0.0.0.0, request: "GET /admin.cgi HTTP/1.1", host: "159.226.29.113"
2020/02/16 18:02:49 [error] 18796#0: *3889 open() "/home/paul/kill_NCP_ci_fronted/killNCP/www/nconv2019/dist/backup/www.159.226.29.Z" failed (2: No such file or directory), client: 159.226.17.34, server: 0.0.0.0, request: "GET /backup/www.159.226.29.Z HTTP/1.1", host: "159.226.29.113"
2020/02/16 18:02:49 [error] 18796#0: *3859 open() "/home/paul/kill_NCP_ci_fronted/killNCP/www/nconv2019/dist/buglist.cgi" failed (2: No such file or directory), client: 159.226.17.34, server: 0.0.0.0, request: "GET /buglist.cgi HTTP/1.1", host: "159.226.29.113"
2020/02/16 18:02:49 [error] 18796#0: *3873 open() "/home/paul/kill_NCP_ci_fronted/killNCP/www/nconv2019/dist/administrator.cgi" failed (2: No such file or directory), client: 159.226.17.34, server: 0.0.0.0, request: "GET /administrator.cgi HTTP/1.1", host: "159.226.29.113"
2020/02/16 18:02:49 [error] 18796#0: *3889 open() "/home/paul/kill_NCP_ci_fronted/killNCP/www/nconv2019/dist/backup/159.226.29.Z" failed (2: No such file or directory), client: 159.226.17.34, server: 0.0.0.0, request: "GET /backup/159.226.29.Z HTTP/1.1", host: "159.226.29.113"
2020/02/16 18:02:49 [error] 18796#0: *3859 open() "/home/paul/kill_NCP_ci_fronted/killNCP/www/nconv2019/dist/buglist.cgi" failed (2: No such file or directory), client: 159.226.17.34, server: 0.0.0.0, request: "GET /buglist.cgi HTTP/1.1", host: "159.226.29.113"
2020/02/16 18:02:49 [error] 18796#0: *3873 open() "/home/paul/kill_NCP_ci_fronted/killNCP/www/nconv2019/dist/administrator.cgi" failed (2: No such file or directory), client: 159.226.17.34, server: 0.0.0.0, request: "GET /administrator.cgi HTTP/1.1", host: "159.226.29.113"
2020/02/16 18:02:49 [error] 18796#0: *3889 open() "/home/paul/kill_NCP_ci_fronted/killNCP/www/nconv2019/dist/backup/www.159.226.29.113.Z" failed (2: No such file or directory), client: 159.226.17.34, server: 0.0.0.0, request: "GET /backup/www.159.226.29.113.Z HTTP/1.1", host: "159.226.29.113"
2020/02/16 18:02:49 [error] 18796#0: *3859 open() "/home/paul/kill_NCP_ci_fronted/killNCP/www/nconv2019/dist/buglist.cgi" failed (2: No such file or directory), client: 159.226.17.34, server: 0.0.0.0, request: "GET /buglist.cgi HTTP/1.1", host: "159.226.29.113"
2020/02/16 18:02:49 [error] 18796#0: *3873 open() "/home/paul/kill_NCP_ci_fronted/killNCP/www/nconv2019/dist/administrator.cgi" failed (2: No such file or directory), client: 159.226.17.34, server: 0.0.0.0, request: "GET /administrator.cgi HTTP/1.1", host: "159.226.29.113"
2020/02/16 18:02:49 [error] 18796#0: *3889 open() "/home/paul/kill_NCP_ci_fronted/killNCP/www/nconv2019/dist/backup/159.226.29.113.Z" failed (2: No such file or directory), client: 159.226.17.34, server: 0.0.0.0, request: "GET /backup/159.226.29.113.Z HTTP/1.1", host: "159.226.29.113"
2020/02/16 18:02:49 [error] 18796#0: *3873 open() "/home/paul/kill_NCP_ci_fronted/killNCP/www/nconv2019/dist/buglist.cgi" failed (2: No such file or directory), client: 159.226.17.34, server: 0.0.0.0, request: "GET /buglist.cgi HTTP/1.1", host: "159.226.29.113"
2020/02/16 18:02:49 [error] 18796#0: *3889 open() "/home/paul/kill_NCP_ci_fronted/killNCP/www/nconv2019/dist/backup/www.159.226.29.7z" failed (2: No such file or directory), client: 159.226.17.34, server: 0.0.0.0, request: "GET /backup/www.159.226.29.7z HTTP/1.1", host: "159.226.29.113"
2020/02/16 18:02:49 [error] 18796#0: *3859 open() "/home/paul/kill_NCP_ci_fronted/killNCP/www/nconv2019/dist/cgi/mid.cgi" failed (2: No such file or directory), client: 159.226.17.34, server: 0.0.0.0, request: "GET /cgi/mid.cgi HTTP/1.1", host: "159.226.29.113"
2020/02/16 18:02:49 [error] 18796#0: *3859 open() "/home/paul/kill_NCP_ci_fronted/killNCP/www/nconv2019/dist/cgi/mid.cgi" failed (2: No such file or directory), client: 159.226.17.34, server: 0.0.0.0, request: "GET /cgi/mid.cgi HTTP/1.1", host: "159.226.29.113"
2020/02/16 18:02:49 [error] 18796#0: *3873 open() "/home/paul/kill_NCP_ci_fronted/killNCP/www/nconv2019/dist/buglist.cgi" failed (2: No such file or directory), client: 159.226.17.34, server: 0.0.0.0, request: "GET /buglist.cgi HTTP/1.1", host: "159.226.29.113"
2020/02/16 18:02:49 [error] 18796#0: *3889 open() "/home/paul/kill_NCP_ci_fronted/killNCP/www/nconv2019/dist/backup/159.226.29.7z" failed (2: No such file or directory), client: 159.226.17.34, server: 0.0.0.0, request: "GET /backup/159.226.29.7z HTTP/1.1", host: "159.226.29.113"
2020/02/16 18:02:49 [error] 18796#0: *3859 open() "/home/paul/kill_NCP_ci_fronted/killNCP/www/nconv2019/dist/cgi/mid.cgi" failed (2: No such file or directory), client: 159.226.17.34, server: 0.0.0.0, request: "GET /cgi/mid.cgi HTTP/1.1", host: "159.226.29.113"
2020/02/16 18:02:49 [error] 18796#0: *3873 open() "/home/paul/kill_NCP_ci_fronted/killNCP/www/nconv2019/dist/buglist.cgi" failed (2: No such file or directory), client: 159.226.17.34, server: 0.0.0.0, request: "GET /buglist.cgi HTTP/1.1", host: "159.226.29.113"
2020/02/16 18:02:49 [error] 18796#0: *3859 open() "/home/paul/kill_NCP_ci_fronted/killNCP/www/nconv2019/dist/cgi-bin/admin.cgi" failed (2: No such file or directory), client: 159.226.17.34, server: 0.0.0.0, request: "GET /cgi-bin/admin.cgi HTTP/1.1", host: "159.226.29.113"
2020/02/16 18:02:49 [error] 18796#0: *3889 open() "/home/paul/kill_NCP_ci_fronted/killNCP/www/nconv2019/dist/backup/www.159.226.29.113.7z" failed (2: No such file or directory), client: 159.226.17.34, server: 0.0.0.0, request: "GET /backup/www.159.226.29.113.7z HTTP/1.1", host: "159.226.29.113"
2020/02/16 18:02:49 [error] 18796#0: *3897 "/home/paul/kill_NCP_ci_fronted/killNCP/www/nconv2019/dist/dev/index.html" is not found (2: No such file or directory), client: 159.226.17.34, server: 0.0.0.0, request: "GET /dev/ HTTP/1.1", host: "159.226.29.113"
2020/02/16 18:02:49 [error] 18796#0: *3873 open() "/home/paul/kill_NCP_ci_fronted/killNCP/www/nconv2019/dist/cgi/mid.cgi" failed (2: No such file or directory), client: 159.226.17.34, server: 0.0.0.0, request: "GET /cgi/mid.cgi HTTP/1.1", host: "159.226.29.113"
2020/02/16 18:02:49 [error] 18796#0: *3889 open() "/home/paul/kill_NCP_ci_fronted/killNCP/www/nconv2019/dist/backup/159.226.29.113.7z" failed (2: No such file or directory), client: 159.226.17.34, server: 0.0.0.0, request: "GET /backup/159.226.29.113.7z HTTP/1.1", host: "159.226.29.113"
2020/02/16 18:02:49 [error] 18796#0: *3859 open() "/home/paul/kill_NCP_ci_fronted/killNCP/www/nconv2019/dist/cgi-bin/admin.cgi" failed (2: No such file or directory), client: 159.226.17.34, server: 0.0.0.0, request: "GET /cgi-bin/admin.cgi HTTP/1.1", host: "159.226.29.113"
2020/02/16 18:02:49 [error] 18796#0: *3873 open() "/home/paul/kill_NCP_ci_fronted/killNCP/www/nconv2019/dist/cgi/mid.cgi" failed (2: No such file or directory), client: 159.226.17.34, server: 0.0.0.0, request: "GET /cgi/mid.cgi HTTP/1.1", host: "159.226.29.113"
2020/02/16 18:02:49 [error] 18796#0: *3859 open() "/home/paul/kill_NCP_ci_fronted/killNCP/www/nconv2019/dist/cgi-bin/admin.cgi" failed (2: No such file or directory), client: 159.226.17.34, server: 0.0.0.0, request: "GET /cgi-bin/admin.cgi HTTP/1.1", host: "159.226.29.113"
2020/02/16 18:02:49 [error] 18796#0: *3889 open() "/home/paul/kill_NCP_ci_fronted/killNCP/www/nconv2019/dist/backup/www.159.226.29.rar" failed (2: No such file or directory), client: 159.226.17.34, server: 0.0.0.0, request: "GET /backup/www.159.226.29.rar HTTP/1.1", host: "159.226.29.113"
2020/02/16 18:02:49 [error] 18796#0: *3873 open() "/home/paul/kill_NCP_ci_fronted/killNCP/www/nconv2019/dist/cgi/mid.cgi" failed (2: No such file or directory), client: 159.226.17.34, server: 0.0.0.0, request: "GET /cgi/mid.cgi HTTP/1.1", host: "159.226.29.113"
2020/02/16 18:02:49 [error] 18796#0: *3889 open() "/home/paul/kill_NCP_ci_fronted/killNCP/www/nconv2019/dist/backup/159.226.29.rar" failed (2: No such file or directory), client: 159.226.17.34, server: 0.0.0.0, request: "GET /backup/159.226.29.rar HTTP/1.1", host: "159.226.29.113"
2020/02/16 18:02:49 [error] 18796#0: *3873 open() "/home/paul/kill_NCP_ci_fronted/killNCP/www/nconv2019/dist/cgi-bin/admin.cgi" failed (2: No such file or directory), client: 159.226.17.34, server: 0.0.0.0, request: "GET /cgi-bin/admin.cgi HTTP/1.1", host: "159.226.29.113"
2020/02/16 18:02:49 [error] 18796#0: *3859 open() "/home/paul/kill_NCP_ci_fronted/killNCP/www/nconv2019/dist/cgi-bin/admin.pl" failed (2: No such file or directory), client: 159.226.17.34, server: 0.0.0.0, request: "GET /cgi-bin/admin.pl HTTP/1.1", host: "159.226.29.113"
2020/02/16 18:02:49 [error] 18796#0: *3859 open() "/home/paul/kill_NCP_ci_fronted/killNCP/www/nconv2019/dist/cgi-bin/admin.pl" failed (2: No such file or directory), client: 159.226.17.34, server: 0.0.0.0, request: "GET /cgi-bin/admin.pl HTTP/1.1", host: "159.226.29.113"
2020/02/16 18:02:49 [error] 18796#0: *3889 open() "/home/paul/kill_NCP_ci_fronted/killNCP/www/nconv2019/dist/backup/www.159.226.29.113.rar" failed (2: No such file or directory), client: 159.226.17.34, server: 0.0.0.0, request: "GET /backup/www.159.226.29.113.rar HTTP/1.1", host: "159.226.29.113"
2020/02/16 18:02:49 [error] 18796#0: *3859 open() "/home/paul/kill_NCP_ci_fronted/killNCP/www/nconv2019/dist/cgi-bin/admin.pl" failed (2: No such file or directory), client: 159.226.17.34, server: 0.0.0.0, request: "GET /cgi-bin/admin.pl HTTP/1.1", host: "159.226.29.113"
2020/02/16 18:02:49 [error] 18796#0: *3873 open() "/home/paul/kill_NCP_ci_fronted/killNCP/www/nconv2019/dist/cgi-bin/admin.cgi" failed (2: No such file or directory), client: 159.226.17.34, server: 0.0.0.0, request: "GET /cgi-bin/admin.cgi HTTP/1.1", host: "159.226.29.113"
2020/02/16 18:02:49 [error] 18796#0: *3889 open() "/home/paul/kill_NCP_ci_fronted/killNCP/www/nconv2019/dist/backup/159.226.29.113.rar" failed (2: No such file or directory), client: 159.226.17.34, server: 0.0.0.0, request: "GET /backup/159.226.29.113.rar HTTP/1.1", host: "159.226.29.113"
2020/02/16 18:02:49 [error] 18796#0: *3859 open() "/home/paul/kill_NCP_ci_fronted/killNCP/www/nconv2019/dist/cgi-bin/bugreport.cgi" failed (2: No such file or directory), client: 159.226.17.34, server: 0.0.0.0, request: "GET /cgi-bin/bugreport.cgi HTTP/1.1", host: "159.226.29.113"
2020/02/16 18:02:49 [error] 18796#0: *3900 open() "/home/paul/kill_NCP_ci_fronted/killNCP/www/nconv2019/dist/PSBlock" failed (2: No such file or directory), client: 159.226.17.34, server: 0.0.0.0, request: "GET /PSBlock HTTP/1.1", host: "159.226.29.113"
2020/02/16 18:02:49 [error] 18796#0: *3873 open() "/home/paul/kill_NCP_ci_fronted/killNCP/www/nconv2019/dist/cgi-bin/admin.cgi" failed (2: No such file or directory), client: 159.226.17.34, server: 0.0.0.0, request: "GET /cgi-bin/admin.cgi HTTP/1.1", host: "159.226.29.113"
2020/02/16 18:02:49 [error] 18796#0: *3889 open() "/home/paul/kill_NCP_ci_fronted/killNCP/www/nconv2019/dist/backup/www.159.226.29.war" failed (2: No such file or directory), client: 159.226.17.34, server: 0.0.0.0, request: "GET /backup/www.159.226.29.war HTTP/1.1", host: "159.226.29.113"
2020/02/16 18:02:49 [error] 18796#0: *3889 open() "/home/paul/kill_NCP_ci_fronted/killNCP/www/nconv2019/dist/backup/159.226.29.war" failed (2: No such file or directory), client: 159.226.17.34, server: 0.0.0.0, request: "GET /backup/159.226.29.war HTTP/1.1", host: "159.226.29.113"
2020/02/16 18:02:49 [error] 18796#0: *3859 open() "/home/paul/kill_NCP_ci_fronted/killNCP/www/nconv2019/dist/cgi-bin/bugreport.cgi" failed (2: No such file or directory), client: 159.226.17.34, server: 0.0.0.0, request: "GET /cgi-bin/bugreport.cgi HTTP/1.1", host: "159.226.29.113"
2020/02/16 18:02:49 [error] 18796#0: *3859 open() "/home/paul/kill_NCP_ci_fronted/killNCP/www/nconv2019/dist/cgi-bin/bugreport.cgi" failed (2: No such file or directory), client: 159.226.17.34, server: 0.0.0.0, request: "GET /cgi-bin/bugreport.cgi HTTP/1.1", host: "159.226.29.113"
2020/02/16 18:02:49 [error] 18796#0: *3873 open() "/home/paul/kill_NCP_ci_fronted/killNCP/www/nconv2019/dist/cgi-bin/admin.pl" failed (2: No such file or directory), client: 159.226.17.34, server: 0.0.0.0, request: "GET /cgi-bin/admin.pl HTTP/1.1", host: "159.226.29.113"
2020/02/16 18:02:49 [error] 18796#0: *3873 open() "/home/paul/kill_NCP_ci_fronted/killNCP/www/nconv2019/dist/cgi-bin/admin.pl" failed (2: No such file or directory), client: 159.226.17.34, server: 0.0.0.0, request: "GET /cgi-bin/admin.pl HTTP/1.1", host: "159.226.29.113"
2020/02/16 18:02:49 [error] 18796#0: *3889 open() "/home/paul/kill_NCP_ci_fronted/killNCP/www/nconv2019/dist/backup/www.159.226.29.113.war" failed (2: No such file or directory), client: 159.226.17.34, server: 0.0.0.0, request: "GET /backup/www.159.226.29.113.war HTTP/1.1", host: "159.226.29.113"
2020/02/16 18:02:49 [error] 18796#0: *3859 open() "/home/paul/kill_NCP_ci_fronted/killNCP/www/nconv2019/dist/cgi-bin/clwarn.cgi" failed (2: No such file or directory), client: 159.226.17.34, server: 0.0.0.0, request: "GET /cgi-bin/clwarn.cgi HTTP/1.1", host: "159.226.29.113"
2020/02/16 18:02:49 [error] 18796#0: *3873 open() "/home/paul/kill_NCP_ci_fronted/killNCP/www/nconv2019/dist/cgi-bin/admin.pl" failed (2: No such file or directory), client: 159.226.17.34, server: 0.0.0.0, request: "GET /cgi-bin/admin.pl HTTP/1.1", host: "159.226.29.113"
2020/02/16 18:02:49 [error] 18796#0: *3889 open() "/home/paul/kill_NCP_ci_fronted/killNCP/www/nconv2019/dist/backup/159.226.29.113.war" failed (2: No such file or directory), client: 159.226.17.34, server: 0.0.0.0, request: "GET /backup/159.226.29.113.war HTTP/1.1", host: "159.226.29.113"
2020/02/16 18:02:49 [error] 18796#0: *3859 open() "/home/paul/kill_NCP_ci_fronted/killNCP/www/nconv2019/dist/cgi-bin/clwarn.cgi" failed (2: No such file or directory), client: 159.226.17.34, server: 0.0.0.0, request: "GET /cgi-bin/clwarn.cgi HTTP/1.1", host: "159.226.29.113"
2020/02/16 18:02:49 [error] 18796#0: *3873 open() "/home/paul/kill_NCP_ci_fronted/killNCP/www/nconv2019/dist/cgi-bin/bugreport.cgi" failed (2: No such file or directory), client: 159.226.17.34, server: 0.0.0.0, request: "GET /cgi-bin/bugreport.cgi HTTP/1.1", host: "159.226.29.113"
2020/02/16 18:02:49 [error] 18796#0: *3889 open() "/home/paul/kill_NCP_ci_fronted/killNCP/www/nconv2019/dist/backup/www.159.226.29.jar" failed (2: No such file or directory), client: 159.226.17.34, server: 0.0.0.0, request: "GET /backup/www.159.226.29.jar HTTP/1.1", host: "159.226.29.113"
2020/02/16 18:02:49 [error] 18796#0: *3859 open() "/home/paul/kill_NCP_ci_fronted/killNCP/www/nconv2019/dist/cgi-bin/clwarn.cgi" failed (2: No such file or directory), client: 159.226.17.34, server: 0.0.0.0, request: "GET /cgi-bin/clwarn.cgi HTTP/1.1", host: "159.226.29.113"
2020/02/16 18:02:50 [error] 18796#0: *3873 open() "/home/paul/kill_NCP_ci_fronted/killNCP/www/nconv2019/dist/cgi-bin/bugreport.cgi" failed (2: No such file or directory), client: 159.226.17.34, server: 0.0.0.0, request: "GET /cgi-bin/bugreport.cgi HTTP/1.1", host: "159.226.29.113"
2020/02/16 18:02:50 [error] 18796#0: *3889 open() "/home/paul/kill_NCP_ci_fronted/killNCP/www/nconv2019/dist/backup/159.226.29.jar" failed (2: No such file or directory), client: 159.226.17.34, server: 0.0.0.0, request: "GET /backup/159.226.29.jar HTTP/1.1", host: "159.226.29.113"
2020/02/16 18:02:50 [error] 18796#0: *3859 open() "/home/paul/kill_NCP_ci_fronted/killNCP/www/nconv2019/dist/cgi-bin/count.cgi" failed (2: No such file or directory), client: 159.226.17.34, server: 0.0.0.0, request: "GET /cgi-bin/count.cgi HTTP/1.1", host: "159.226.29.113"
2020/02/16 18:02:50 [error] 18796#0: *3873 open() "/home/paul/kill_NCP_ci_fronted/killNCP/www/nconv2019/dist/cgi-bin/bugreport.cgi" failed (2: No such file or directory), client: 159.226.17.34, server: 0.0.0.0, request: "GET /cgi-bin/bugreport.cgi HTTP/1.1", host: "159.226.29.113"
2020/02/16 18:02:50 [error] 18796#0: *3889 open() "/home/paul/kill_NCP_ci_fronted/killNCP/www/nconv2019/dist/backup/www.159.226.29.113.jar" failed (2: No such file or directory), client: 159.226.17.34, server: 0.0.0.0, request: "GET /backup/www.159.226.29.113.jar HTTP/1.1", host: "159.226.29.113"
2020/02/16 18:02:50 [error] 18796#0: *3859 open() "/home/paul/kill_NCP_ci_fronted/killNCP/www/nconv2019/dist/cgi-bin/count.cgi" failed (2: No such file or directory), client: 159.226.17.34, server: 0.0.0.0, request: "GET /cgi-bin/count.cgi HTTP/1.1", host: "159.226.29.113"
2020/02/16 18:02:50 [error] 18796#0: *3873 open() "/home/paul/kill_NCP_ci_fronted/killNCP/www/nconv2019/dist/cgi-bin/clwarn.cgi" failed (2: No such file or directory), client: 159.226.17.34, server: 0.0.0.0, request: "GET /cgi-bin/clwarn.cgi HTTP/1.1", host: "159.226.29.113"
2020/02/16 18:02:50 [error] 18796#0: *3889 open() "/home/paul/kill_NCP_ci_fronted/killNCP/www/nconv2019/dist/backup/159.226.29.113.jar" failed (2: No such file or directory), client: 159.226.17.34, server: 0.0.0.0, request: "GET /backup/159.226.29.113.jar HTTP/1.1", host: "159.226.29.113"
2020/02/16 18:02:50 [error] 18796#0: *3859 open() "/home/paul/kill_NCP_ci_fronted/killNCP/www/nconv2019/dist/cgi-bin/count.cgi" failed (2: No such file or directory), client: 159.226.17.34, server: 0.0.0.0, request: "GET /cgi-bin/count.cgi HTTP/1.1", host: "159.226.29.113"
2020/02/16 18:02:50 [error] 18796#0: *3873 open() "/home/paul/kill_NCP_ci_fronted/killNCP/www/nconv2019/dist/cgi-bin/clwarn.cgi" failed (2: No such file or directory), client: 159.226.17.34, server: 0.0.0.0, request: "GET /cgi-bin/clwarn.cgi HTTP/1.1", host: "159.226.29.113"
2020/02/16 18:02:50 [error] 18796#0: *3889 open() "/home/paul/kill_NCP_ci_fronted/killNCP/www/nconv2019/dist/backup/www.159.226.29.zip" failed (2: No such file or directory), client: 159.226.17.34, server: 0.0.0.0, request: "GET /backup/www.159.226.29.zip HTTP/1.1", host: "159.226.29.113"
2020/02/16 18:02:50 [error] 18796#0: *3859 open() "/home/paul/kill_NCP_ci_fronted/killNCP/www/nconv2019/dist/cgi-bin/Count.cgi" failed (2: No such file or directory), client: 159.226.17.34, server: 0.0.0.0, request: "GET /cgi-bin/Count.cgi HTTP/1.1", host: "159.226.29.113"
2020/02/16 18:02:50 [error] 18796#0: *3873 open() "/home/paul/kill_NCP_ci_fronted/killNCP/www/nconv2019/dist/cgi-bin/clwarn.cgi" failed (2: No such file or directory), client: 159.226.17.34, server: 0.0.0.0, request: "GET /cgi-bin/clwarn.cgi HTTP/1.1", host: "159.226.29.113"
2020/02/16 18:02:50 [error] 18796#0: *3889 open() "/home/paul/kill_NCP_ci_fronted/killNCP/www/nconv2019/dist/backup/159.226.29.zip" failed (2: No such file or directory), client: 159.226.17.34, server: 0.0.0.0, request: "GET /backup/159.226.29.zip HTTP/1.1", host: "159.226.29.113"
2020/02/16 18:02:50 [error] 18796#0: *3859 open() "/home/paul/kill_NCP_ci_fronted/killNCP/www/nconv2019/dist/cgi-bin/Count.cgi" failed (2: No such file or directory), client: 159.226.17.34, server: 0.0.0.0, request: "GET /cgi-bin/Count.cgi HTTP/1.1", host: "159.226.29.113"
2020/02/16 18:02:50 [error] 18796#0: *3873 open() "/home/paul/kill_NCP_ci_fronted/killNCP/www/nconv2019/dist/cgi-bin/count.cgi" failed (2: No such file or directory), client: 159.226.17.34, server: 0.0.0.0, request: "GET /cgi-bin/count.cgi HTTP/1.1", host: "159.226.29.113"
2020/02/16 18:02:50 [error] 18796#0: *3859 open() "/home/paul/kill_NCP_ci_fronted/killNCP/www/nconv2019/dist/cgi-bin/Count.cgi" failed (2: No such file or directory), client: 159.226.17.34, server: 0.0.0.0, request: "GET /cgi-bin/Count.cgi HTTP/1.1", host: "159.226.29.113"
2020/02/16 18:02:50 [error] 18796#0: *3889 open() "/home/paul/kill_NCP_ci_fronted/killNCP/www/nconv2019/dist/backup/www.159.226.29.113.zip" failed (2: No such file or directory), client: 159.226.17.34, server: 0.0.0.0, request: "GET /backup/www.159.226.29.113.zip HTTP/1.1", host: "159.226.29.113"
2020/02/16 18:02:50 [error] 18796#0: *3873 open() "/home/paul/kill_NCP_ci_fronted/killNCP/www/nconv2019/dist/cgi-bin/count.cgi" failed (2: No such file or directory), client: 159.226.17.34, server: 0.0.0.0, request: "GET /cgi-bin/count.cgi HTTP/1.1", host: "159.226.29.113"
2020/02/16 18:02:50 [error] 18796#0: *3889 open() "/home/paul/kill_NCP_ci_fronted/killNCP/www/nconv2019/dist/backup/159.226.29.113.zip" failed (2: No such file or directory), client: 159.226.17.34, server: 0.0.0.0, request: "GET /backup/159.226.29.113.zip HTTP/1.1", host: "159.226.29.113"
2020/02/16 18:02:50 [error] 18796#0: *3859 open() "/home/paul/kill_NCP_ci_fronted/killNCP/www/nconv2019/dist/cgi-bin/faqmanager.cgi" failed (2: No such file or directory), client: 159.226.17.34, server: 0.0.0.0, request: "GET /cgi-bin/faqmanager.cgi HTTP/1.1", host: "159.226.29.113"
2020/02/16 18:02:50 [error] 18796#0: *3873 open() "/home/paul/kill_NCP_ci_fronted/killNCP/www/nconv2019/dist/cgi-bin/count.cgi" failed (2: No such file or directory), client: 159.226.17.34, server: 0.0.0.0, request: "GET /cgi-bin/count.cgi HTTP/1.1", host: "159.226.29.113"
2020/02/16 18:02:50 [error] 18796#0: *3889 open() "/home/paul/kill_NCP_ci_fronted/killNCP/www/nconv2019/dist/backup/www.159.226.29.bz2" failed (2: No such file or directory), client: 159.226.17.34, server: 0.0.0.0, request: "GET /backup/www.159.226.29.bz2 HTTP/1.1", host: "159.226.29.113"
2020/02/16 18:02:50 [error] 18796#0: *3859 open() "/home/paul/kill_NCP_ci_fronted/killNCP/www/nconv2019/dist/cgi-bin/faqmanager.cgi" failed (2: No such file or directory), client: 159.226.17.34, server: 0.0.0.0, request: "GET /cgi-bin/faqmanager.cgi HTTP/1.1", host: "159.226.29.113"
2020/02/16 18:02:50 [error] 18796#0: *3904 open() "/home/paul/kill_NCP_ci_fronted/killNCP/www/nconv2019/dist/snmx-cgi/fxm.exe" failed (2: No such file or directory), client: 159.226.17.34, server: 0.0.0.0, request: "GET /snmx-cgi/fxm.exe HTTP/1.1", host: "159.226.29.113"
2020/02/16 18:02:50 [error] 18796#0: *3889 open() "/home/paul/kill_NCP_ci_fronted/killNCP/www/nconv2019/dist/backup/159.226.29.bz2" failed (2: No such file or directory), client: 159.226.17.34, server: 0.0.0.0, request: "GET /backup/159.226.29.bz2 HTTP/1.1", host: "159.226.29.113"
2020/02/16 18:02:50 [error] 18796#0: *3906 open() "/home/paul/kill_NCP_ci_fronted/killNCP/www/nconv2019/dist/servlet/one2planet.infolet.InfoServlet" failed (2: No such file or directory), client: 159.226.17.34, server: 0.0.0.0, request: "GET /servlet/one2planet.infolet.InfoServlet?page=<script>foo</script> HTTP/1.1", host: "159.226.29.113"
2020/02/16 18:02:50 [error] 18796#0: *3859 open() "/home/paul/kill_NCP_ci_fronted/killNCP/www/nconv2019/dist/cgi-bin/faqmanager.cgi" failed (2: No such file or directory), client: 159.226.17.34, server: 0.0.0.0, request: "GET /cgi-bin/faqmanager.cgi HTTP/1.1", host: "159.226.29.113"
2020/02/16 18:02:50 [error] 18796#0: *3873 open() "/home/paul/kill_NCP_ci_fronted/killNCP/www/nconv2019/dist/cgi-bin/Count.cgi" failed (2: No such file or directory), client: 159.226.17.34, server: 0.0.0.0, request: "GET /cgi-bin/Count.cgi HTTP/1.1", host: "159.226.29.113"
2020/02/16 18:02:50 [error] 18796#0: *3873 open() "/home/paul/kill_NCP_ci_fronted/killNCP/www/nconv2019/dist/cgi-bin/Count.cgi" failed (2: No such file or directory), client: 159.226.17.34, server: 0.0.0.0, request: "GET /cgi-bin/Count.cgi HTTP/1.1", host: "159.226.29.113"
2020/02/16 18:02:50 [error] 18796#0: *3873 open() "/home/paul/kill_NCP_ci_fronted/killNCP/www/nconv2019/dist/cgi-bin/Count.cgi" failed (2: No such file or directory), client: 159.226.17.34, server: 0.0.0.0, request: "GET /cgi-bin/Count.cgi HTTP/1.1", host: "159.226.29.113"
2020/02/16 18:02:50 [error] 18796#0: *3889 open() "/home/paul/kill_NCP_ci_fronted/killNCP/www/nconv2019/dist/backup/www.159.226.29.113.bz2" failed (2: No such file or directory), client: 159.226.17.34, server: 0.0.0.0, request: "GET /backup/www.159.226.29.113.bz2 HTTP/1.1", host: "159.226.29.113"
2020/02/16 18:02:50 [error] 18796#0: *3873 open() "/home/paul/kill_NCP_ci_fronted/killNCP/www/nconv2019/dist/cgi-bin/faqmanager.cgi" failed (2: No such file or directory), client: 159.226.17.34, server: 0.0.0.0, request: "GET /cgi-bin/faqmanager.cgi HTTP/1.1", host: "159.226.29.113"
2020/02/16 18:02:50 [error] 18796#0: *3911 open() "/home/paul/kill_NCP_ci_fronted/killNCP/www/nconv2019/dist/samba/smb2www.pl" failed (2: No such file or directory), client: 159.226.17.34, server: 0.0.0.0, request: "GET /samba/smb2www.pl HTTP/1.1", host: "159.226.29.113"
2020/02/16 18:02:50 [error] 18796#0: *3911 open() "/home/paul/kill_NCP_ci_fronted/killNCP/www/nconv2019/dist/smb2www.pl" failed (2: No such file or directory), client: 159.226.17.34, server: 0.0.0.0, request: "GET /smb2www.pl HTTP/1.1", host: "159.226.29.113"
2020/02/16 18:02:50 [error] 18796#0: *3859 open() "/home/paul/kill_NCP_ci_fronted/killNCP/www/nconv2019/dist/cgi-bin/FormHandler.cgi" failed (2: No such file or directory), client: 159.226.17.34, server: 0.0.0.0, request: "GET /cgi-bin/FormHandler.cgi HTTP/1.1", host: "159.226.29.113"
2020/02/16 18:02:50 [error] 18796#0: *3873 open() "/home/paul/kill_NCP_ci_fronted/killNCP/www/nconv2019/dist/cgi-bin/faqmanager.cgi" failed (2: No such file or directory), client: 159.226.17.34, server: 0.0.0.0, request: "GET /cgi-bin/faqmanager.cgi HTTP/1.1", host: "159.226.29.113"
2020/02/16 18:02:50 [error] 18796#0: *3913 open() "/home/paul/kill_NCP_ci_fronted/killNCP/www/nconv2019/dist/admin/admin.cgi" failed (2: No such file or directory), client: 159.226.17.34, server: 0.0.0.0, request: "POST /admin/admin.cgi HTTP/1.1", host: "159.226.29.113"
2020/02/16 18:02:50 [error] 18796#0: *3889 open() "/home/paul/kill_NCP_ci_fronted/killNCP/www/nconv2019/dist/backup/159.226.29.113.bz2" failed (2: No such file or directory), client: 159.226.17.34, server: 0.0.0.0, request: "GET /backup/159.226.29.113.bz2 HTTP/1.1", host: "159.226.29.113"
2020/02/16 18:02:50 [error] 18796#0: *3859 open() "/home/paul/kill_NCP_ci_fronted/killNCP/www/nconv2019/dist/cgi-bin/FormHandler.cgi" failed (2: No such file or directory), client: 159.226.17.34, server: 0.0.0.0, request: "GET /cgi-bin/FormHandler.cgi HTTP/1.1", host: "159.226.29.113"
